{
 "cells": [
  {
   "cell_type": "code",
   "execution_count": 1,
   "id": "122c35b9",
   "metadata": {},
   "outputs": [
    {
     "name": "stdout",
     "output_type": "stream",
     "text": [
      "JOURNALCTL(1)                     journalctl                     JOURNALCTL(1)\n",
      "\n",
      "\u001b[1mNAME\u001b[0m\n",
      "       journalctl - Query the systemd journal\n",
      "\n",
      "\u001b[1mSYNOPSIS\u001b[0m\n",
      "       \u001b[1mjournalctl \u001b[22m[OPTIONS...] [MATCHES...]\n",
      "\n",
      "\u001b[1mDESCRIPTION\u001b[0m\n",
      "       \u001b[1mjournalctl \u001b[22mmay be used to query the contents of the \u001b[1msystemd\u001b[22m(1) journal\n",
      "       as written by \u001b[1msystemd-journald.service\u001b[22m(8).\n",
      "\n",
      "       If called without parameters, it will show the full contents of the\n",
      "       journal, starting with the oldest entry collected.\n",
      "\n",
      "       If one or more match arguments are passed, the output is filtered\n",
      "       accordingly. A match is in the format \"FIELD=VALUE\", e.g.\n",
      "       \"_SYSTEMD_UNIT=httpd.service\", referring to the components of a\n",
      "       structured journal entry. See \u001b[1msystemd.journal-fields\u001b[22m(7) for a list of\n",
      "       well-known fields. If multiple matches are specified matching different\n",
      "       fields, the log entries are filtered by both, i.e. the resulting output\n",
      "       will show only entries matching all the specified matches of this kind.\n",
      "       If two matches apply to the same field, then they are automatically\n",
      "       matched as alternatives, i.e. the resulting output will show entries\n",
      "       matching any of the specified matches for the same field. Finally, the\n",
      "       character \"+\" may appear as a separate word between other terms on the\n",
      "       command line. This causes all matches before and after to be combined\n",
      "       in a disjunction (i.e. logical OR).\n",
      "\n",
      "       It is also possible to filter the entries by specifying an absolute\n",
      "       file path as an argument. The file path may be a file or a symbolic\n",
      "       link and the file must exist at the time of the query. If a file path\n",
      "       refers to an executable binary, an \"_EXE=\" match for the canonicalized\n",
      "       binary path is added to the query. If a file path refers to an\n",
      "       executable script, a \"_COMM=\" match for the script name is added to the\n",
      "       query. If a file path refers to a device node, \"_KERNEL_DEVICE=\"\n",
      "       matches for the kernel name of the device and for each of its ancestor\n",
      "       devices is added to the query. Symbolic links are dereferenced, kernel\n",
      "       names are synthesized, and parent devices are identified from the\n",
      "       environment at the time of the query. In general, a device node is the\n",
      "       best proxy for an actual device, as log entries do not usually contain\n",
      "       fields that identify an actual device. For the resulting log entries to\n",
      "       be correct for the actual device, the relevant parts of the environment\n",
      "       at the time the entry was logged, in particular the actual device\n",
      "       corresponding to the device node, must have been the same as those at\n",
      "       the time of the query. Because device nodes generally change their\n",
      "       corresponding devices across reboots, specifying a device node path\n",
      "       causes the resulting entries to be restricted to those from the current\n",
      "       boot.\n",
      "\n",
      "       Additional constraints may be added using options \u001b[1m--boot\u001b[22m, \u001b[1m--unit=\u001b[22m,\n",
      "       etc., to further limit what entries will be shown (logical AND).\n",
      "\n",
      "       Output is interleaved from all accessible journal files, whether they\n",
      "       are rotated or currently being written, and regardless of whether they\n",
      "       belong to the system itself or are accessible user journals. The\n",
      "       \u001b[1m--header \u001b[22moption can be used to identify which files \u001b[4mare\u001b[24m being shown.\n",
      "\n",
      "       The set of journal files which will be used can be modified using the\n",
      "       \u001b[1m--user\u001b[22m, \u001b[1m--system\u001b[22m, \u001b[1m--directory\u001b[22m, and \u001b[1m--file \u001b[22moptions, see below.\n",
      "\n",
      "       All users are granted access to their private per-user journals.\n",
      "       However, by default, only root and users who are members of a few\n",
      "       special groups are granted access to the system journal and the\n",
      "       journals of other users. Members of the groups \"systemd-journal\",\n",
      "       \"adm\", and \"wheel\" can read all journal files. Note that the two latter\n",
      "       groups traditionally have additional privileges specified by the\n",
      "       distribution. Members of the \"wheel\" group can often perform\n",
      "       administrative tasks.\n",
      "\n",
      "       The output is paged through \u001b[1mless \u001b[22mby default, and long lines are\n",
      "       \"truncated\" to screen width. The hidden part can be viewed by using the\n",
      "       left-arrow and right-arrow keys. Paging can be disabled; see the\n",
      "       \u001b[1m--no-pager \u001b[22moption and the \"Environment\" section below.\n",
      "\n",
      "       When outputting to a tty, lines are colored according to priority:\n",
      "       lines of level ERROR and higher are colored red; lines of level NOTICE\n",
      "       and higher are highlighted; lines of level DEBUG are colored lighter\n",
      "       grey; other lines are displayed normally.\n",
      "\n",
      "\u001b[1mOPTIONS\u001b[0m\n",
      "       The following options are understood:\n",
      "\n",
      "       \u001b[1m--no-full\u001b[22m, \u001b[1m--full\u001b[22m, \u001b[1m-l\u001b[0m\n",
      "           Ellipsize fields when they do not fit in available columns. The\n",
      "           default is to show full fields, allowing them to wrap or be\n",
      "           truncated by the pager, if one is used.\n",
      "\n",
      "           The old options \u001b[1m-l\u001b[22m/\u001b[1m--full \u001b[22mare not useful anymore, except to undo\n",
      "           \u001b[1m--no-full\u001b[22m.\n",
      "\n",
      "       \u001b[1m-a\u001b[22m, \u001b[1m--all\u001b[0m\n",
      "           Show all fields in full, even if they include unprintable\n",
      "           characters or are very long. By default, fields with unprintable\n",
      "           characters are abbreviated as \"blob data\". (Note that the pager may\n",
      "           escape unprintable characters again.)\n",
      "\n",
      "       \u001b[1m-f\u001b[22m, \u001b[1m--follow\u001b[0m\n",
      "           Show only the most recent journal entries, and continuously print\n",
      "           new entries as they are appended to the journal.\n",
      "\n",
      "       \u001b[1m-e\u001b[22m, \u001b[1m--pager-end\u001b[0m\n",
      "           Immediately jump to the end of the journal inside the implied pager\n",
      "           tool. This implies \u001b[1m-n1000 \u001b[22mto guarantee that the pager will not\n",
      "           buffer logs of unbounded size. This may be overridden with an\n",
      "           explicit \u001b[1m-n \u001b[22mwith some other numeric value, while \u001b[1m-nall \u001b[22mwill disable\n",
      "           this cap. Note that this option is only supported for the \u001b[1mless\u001b[22m(1)\n",
      "           pager.\n",
      "\n",
      "       \u001b[1m-n\u001b[22m, \u001b[1m--lines=\u001b[0m\n",
      "           Show the most recent journal events and limit the number of events\n",
      "           shown. If \u001b[1m--follow \u001b[22mis used, this option is implied. The argument is\n",
      "           a positive integer or \"all\" to disable line limiting. The default\n",
      "           value is 10 if no argument is given.\n",
      "\n",
      "       \u001b[1m--no-tail\u001b[0m\n",
      "           Show all stored output lines, even in follow mode. Undoes the\n",
      "           effect of \u001b[1m--lines=\u001b[22m.\n",
      "\n",
      "       \u001b[1m-r\u001b[22m, \u001b[1m--reverse\u001b[0m\n",
      "           Reverse output so that the newest entries are displayed first.\n",
      "\n",
      "       \u001b[1m-o\u001b[22m, \u001b[1m--output=\u001b[0m\n",
      "           Controls the formatting of the journal entries that are shown.\n",
      "           Takes one of the following options:\n",
      "\n",
      "           \u001b[1mshort\u001b[0m\n",
      "               is the default and generates an output that is mostly identical\n",
      "               to the formatting of classic syslog files, showing one line per\n",
      "               journal entry.\n",
      "\n",
      "           \u001b[1mshort-full\u001b[0m\n",
      "               is very similar, but shows timestamps in the format the\n",
      "               \u001b[1m--since= \u001b[22mand \u001b[1m--until= \u001b[22moptions accept. Unlike the timestamp\n",
      "               information shown in \u001b[1mshort \u001b[22moutput mode this mode includes\n",
      "               weekday, year and timezone information in the output, and is\n",
      "               locale-independent.\n",
      "\n",
      "           \u001b[1mshort-iso\u001b[0m\n",
      "               is very similar, but shows ISO 8601 wallclock timestamps.\n",
      "\n",
      "           \u001b[1mshort-iso-precise\u001b[0m\n",
      "               as for \u001b[1mshort-iso \u001b[22mbut includes full microsecond precision.\n",
      "\n",
      "           \u001b[1mshort-precise\u001b[0m\n",
      "               is very similar, but shows classic syslog timestamps with full\n",
      "               microsecond precision.\n",
      "\n",
      "           \u001b[1mshort-monotonic\u001b[0m\n",
      "               is very similar, but shows monotonic timestamps instead of\n",
      "               wallclock timestamps.\n",
      "\n",
      "           \u001b[1mshort-unix\u001b[0m\n",
      "               is very similar, but shows seconds passed since January 1st\n",
      "               1970 UTC instead of wallclock timestamps (\"UNIX time\"). The\n",
      "               time is shown with microsecond accuracy.\n"
     ]
    },
    {
     "name": "stdout",
     "output_type": "stream",
     "text": [
      "\n",
      "           \u001b[1mverbose\u001b[0m\n",
      "               shows the full-structured entry items with all fields.\n",
      "\n",
      "           \u001b[1mexport\u001b[0m\n",
      "               serializes the journal into a binary (but mostly text-based)\n",
      "               stream suitable for backups and network transfer (see \u001b[34m\u001b[1mJournal\u001b[0m\n",
      "               \u001b[1m\u001b[34mExport Format\u001b[0m\u001b[1m\u001b[22m[1] for more information). To import the binary\n",
      "               stream back into native journald format use \u001b[1msystemd-journal-\u001b[0m\n",
      "               \u001b[1mremote\u001b[22m(8).\n",
      "\n",
      "           \u001b[1mjson\u001b[0m\n",
      "               formats entries as JSON objects, separated by newline\n",
      "               characters (see \u001b[34m\u001b[1mJournal JSON Format\u001b[0m\u001b[1m\u001b[22m[2] for more information).\n",
      "               Field values are generally encoded as JSON strings, with three\n",
      "               exceptions:\n",
      "\n",
      "                1. Fields larger than 4096 bytes are encoded as \u001b[1mnull \u001b[22mvalues.\n",
      "                   (This may be turned off by passing \u001b[1m--all\u001b[22m, but be aware that\n",
      "                   this may allocate overly long JSON objects.)\n",
      "\n",
      "                2. Journal entries permit non-unique fields within the same\n",
      "                   log entry. JSON does not allow non-unique fields within\n",
      "                   objects. Due to this, if a non-unique field is encountered\n",
      "                   a JSON array is used as field value, listing all field\n",
      "                   values as elements.\n",
      "\n",
      "                3. Fields containing non-printable or non-UTF8 bytes are\n",
      "                   encoded as arrays containing the raw bytes individually\n",
      "                   formatted as unsigned numbers.\n",
      "\n",
      "               Note that this encoding is reversible (with the exception of\n",
      "               the size limit).\n",
      "\n",
      "           \u001b[1mjson-pretty\u001b[0m\n",
      "               formats entries as JSON data structures, but formats them in\n",
      "               multiple lines in order to make them more readable by humans.\n",
      "\n",
      "           \u001b[1mjson-sse\u001b[0m\n",
      "               formats entries as JSON data structures, but wraps them in a\n",
      "               format suitable for \u001b[34m\u001b[1mServer-Sent Events\u001b[0m\u001b[1m\u001b[22m[3].\n",
      "\n",
      "           \u001b[1mjson-seq\u001b[0m\n",
      "               formats entries as JSON data structures, but prefixes them with\n",
      "               an ASCII Record Separator character (0x1E) and suffixes them\n",
      "               with an ASCII Line Feed character (0x0A), in accordance with\n",
      "               \u001b[34m\u001b[1mJavaScript Object Notation (JSON) Text Sequences\u001b[0m\u001b[1m\u001b[22m[4]\n",
      "               (\"application/json-seq\").\n",
      "\n",
      "           \u001b[1mcat\u001b[0m\n",
      "               generates a very terse output, only showing the actual message\n",
      "               of each journal entry with no metadata, not even a timestamp.\n",
      "               If combined with the \u001b[1m--output-fields= \u001b[22moption will output the\n",
      "               listed fields for each log record, instead of the message.\n",
      "\n",
      "           \u001b[1mwith-unit\u001b[0m\n",
      "               similar to short-full, but prefixes the unit and user unit\n",
      "               names instead of the traditional syslog identifier. Useful when\n",
      "               using templated instances, as it will include the arguments in\n",
      "               the unit names.\n",
      "\n",
      "       \u001b[1m--output-fields=\u001b[0m\n",
      "           A comma separated list of the fields which should be included in\n",
      "           the output. This has an effect only for the output modes which\n",
      "           would normally show all fields (\u001b[1mverbose\u001b[22m, \u001b[1mexport\u001b[22m, \u001b[1mjson\u001b[22m, \u001b[1mjson-pretty\u001b[22m,\n",
      "           \u001b[1mjson-sse \u001b[22mand \u001b[1mjson-seq\u001b[22m), as well as on \u001b[1mcat\u001b[22m. For the former, the\n",
      "           \"__CURSOR\", \"__REALTIME_TIMESTAMP\", \"__MONOTONIC_TIMESTAMP\", and\n",
      "           \"_BOOT_ID\" fields are always printed.\n",
      "\n",
      "       \u001b[1m--utc\u001b[0m\n",
      "           Express time in Coordinated Universal Time (UTC).\n",
      "\n",
      "       \u001b[1m--no-hostname\u001b[0m\n",
      "           Don't show the hostname field of log messages originating from the\n",
      "           local host. This switch has an effect only on the \u001b[1mshort \u001b[22mfamily of\n",
      "           output modes (see above).\n",
      "\n",
      "           Note: this option does not remove occurrences of the hostname from\n",
      "           log entries themselves, so it does not prevent the hostname from\n",
      "           being visible in the logs.\n",
      "\n",
      "       \u001b[1m-x\u001b[22m, \u001b[1m--catalog\u001b[0m\n",
      "           Augment log lines with explanation texts from the message catalog.\n",
      "           This will add explanatory help texts to log messages in the output\n",
      "           where this is available. These short help texts will explain the\n",
      "           context of an error or log event, possible solutions, as well as\n",
      "           pointers to support forums, developer documentation, and any other\n",
      "           relevant manuals. Note that help texts are not available for all\n",
      "           messages, but only for selected ones. For more information on the\n",
      "           message catalog, please refer to the \u001b[34m\u001b[1mMessage Catalog Developer\u001b[0m\n",
      "           \u001b[1m\u001b[34mDocumentation\u001b[0m\u001b[1m\u001b[22m[5].\n",
      "\n",
      "           Note: when attaching \u001b[1mjournalctl \u001b[22moutput to bug reports, please do\n",
      "           \u001b[4mnot\u001b[24m use \u001b[1m-x\u001b[22m.\n",
      "\n",
      "       \u001b[1m-q\u001b[22m, \u001b[1m--quiet\u001b[0m\n",
      "           Suppresses all informational messages (i.e. \"-- Journal begins at\n",
      "           ...\", \"-- Reboot --\"), any warning messages regarding inaccessible\n",
      "           system journals when run as a normal user.\n",
      "\n",
      "       \u001b[1m-m\u001b[22m, \u001b[1m--merge\u001b[0m\n",
      "           Show entries interleaved from all available journals, including\n",
      "           remote ones.\n",
      "\n",
      "       \u001b[1m-b [[\u001b[4m\u001b[22mID\u001b[24m][\u001b[4m±offset\u001b[24m]|\u001b[1mall\u001b[22m], \u001b[1m--boot[=[\u001b[4m\u001b[22mID\u001b[24m][\u001b[4m±offset\u001b[24m]|\u001b[1mall\u001b[22m]\n",
      "           Show messages from a specific boot. This will add a match for\n",
      "           \"_BOOT_ID=\".\n",
      "\n",
      "           The argument may be empty, in which case logs for the current boot\n",
      "           will be shown.\n",
      "\n",
      "           If the boot ID is omitted, a positive \u001b[4moffset\u001b[24m will look up the boots\n",
      "           starting from the beginning of the journal, and an\n",
      "           equal-or-less-than zero \u001b[4moffset\u001b[24m will look up boots starting from the\n",
      "           end of the journal. Thus, \u001b[1m1 \u001b[22mmeans the first boot found in the\n",
      "           journal in chronological order, \u001b[1m2 \u001b[22mthe second and so on; while \u001b[1m-0 \u001b[22mis\n",
      "           the last boot, \u001b[1m-1 \u001b[22mthe boot before last, and so on. An empty \u001b[4moffset\u001b[0m\n",
      "           is equivalent to specifying \u001b[1m-0\u001b[22m, except when the current boot is not\n",
      "           the last boot (e.g. because \u001b[1m--directory \u001b[22mwas specified to look at\n",
      "           logs from a different machine).\n",
      "\n",
      "           If the 32-character \u001b[4mID\u001b[24m is specified, it may optionally be followed\n",
      "           by \u001b[4moffset\u001b[24m which identifies the boot relative to the one given by\n",
      "           boot \u001b[4mID\u001b[24m. Negative values mean earlier boots and positive values\n",
      "           mean later boots. If \u001b[4moffset\u001b[24m is not specified, a value of zero is\n",
      "           assumed, and the logs for the boot given by \u001b[4mID\u001b[24m are shown.\n",
      "\n",
      "           The special argument \u001b[1mall \u001b[22mcan be used to negate the effect of an\n",
      "           earlier use of \u001b[1m-b\u001b[22m.\n",
      "\n",
      "       \u001b[1m--list-boots\u001b[0m\n",
      "           Show a tabular list of boot numbers (relative to the current boot),\n",
      "           their IDs, and the timestamps of the first and last message\n",
      "           pertaining to the boot.\n",
      "\n",
      "       \u001b[1m-k\u001b[22m, \u001b[1m--dmesg\u001b[0m\n",
      "           Show only kernel messages. This implies \u001b[1m-b \u001b[22mand adds the match\n",
      "           \"_TRANSPORT=kernel\".\n",
      "\n",
      "       \u001b[1m-t\u001b[22m, \u001b[1m--identifier=\u001b[4m\u001b[22mSYSLOG_IDENTIFIER\u001b[0m\n",
      "           Show messages for the specified syslog identifier\n",
      "           \u001b[4mSYSLOG_IDENTIFIER\u001b[24m.\n",
      "\n",
      "           This parameter can be specified multiple times.\n",
      "\n",
      "       \u001b[1m-u\u001b[22m, \u001b[1m--unit=\u001b[4m\u001b[22mUNIT\u001b[24m\u001b[1m|\u001b[4m\u001b[22mPATTERN\u001b[0m\n",
      "           Show messages for the specified systemd unit \u001b[4mUNIT\u001b[24m (such as a\n",
      "           service unit), or for any of the units matched by \u001b[4mPATTERN\u001b[24m. If a\n",
      "           pattern is specified, a list of unit names found in the journal is\n",
      "           compared with the specified pattern and all that match are used.\n",
      "           For each unit name, a match is added for messages from the unit\n",
      "           (\"_SYSTEMD_UNIT=\u001b[4mUNIT\u001b[24m\"), along with additional matches for messages\n",
      "           from systemd and messages about coredumps for the specified unit. A\n",
      "           match is also added for \"_SYSTEMD_SLICE=\u001b[4mUNIT\u001b[24m\", such that if the\n"
     ]
    },
    {
     "name": "stdout",
     "output_type": "stream",
     "text": [
      "           provided \u001b[4mUNIT\u001b[24m is a \u001b[1msystemd.slice\u001b[22m(5) unit, all logs of children of\n",
      "           the slice will be shown.\n",
      "\n",
      "           This parameter can be specified multiple times.\n",
      "\n",
      "       \u001b[1m--user-unit=\u001b[0m\n",
      "           Show messages for the specified user session unit. This will add a\n",
      "           match for messages from the unit (\"_SYSTEMD_USER_UNIT=\" and\n",
      "           \"_UID=\") and additional matches for messages from session systemd\n",
      "           and messages about coredumps for the specified unit. A match is\n",
      "           also added for \"_SYSTEMD_USER_SLICE=\u001b[4mUNIT\u001b[24m\", such that if the\n",
      "           provided \u001b[4mUNIT\u001b[24m is a \u001b[1msystemd.slice\u001b[22m(5) unit, all logs of children of\n",
      "           the unit will be shown.\n",
      "\n",
      "           This parameter can be specified multiple times.\n",
      "\n",
      "       \u001b[1m-p\u001b[22m, \u001b[1m--priority=\u001b[0m\n",
      "           Filter output by message priorities or priority ranges. Takes\n",
      "           either a single numeric or textual log level (i.e. between\n",
      "           0/\"emerg\" and 7/\"debug\"), or a range of numeric/text log levels in\n",
      "           the form FROM..TO. The log levels are the usual syslog log levels\n",
      "           as documented in \u001b[1msyslog\u001b[22m(3), i.e.  \"emerg\" (0), \"alert\" (1),\n",
      "           \"crit\" (2), \"err\" (3), \"warning\" (4), \"notice\" (5), \"info\" (6),\n",
      "           \"debug\" (7). If a single log level is specified, all messages with\n",
      "           this log level or a lower (hence more important) log level are\n",
      "           shown. If a range is specified, all messages within the range are\n",
      "           shown, including both the start and the end value of the range.\n",
      "           This will add \"PRIORITY=\" matches for the specified priorities.\n",
      "\n",
      "       \u001b[1m--facility=\u001b[0m\n",
      "           Filter output by syslog facility. Takes a comma-separated list of\n",
      "           numbers or facility names. The names are the usual syslog\n",
      "           facilities as documented in \u001b[1msyslog\u001b[22m(3).  \u001b[1m--facility=help \u001b[22mmay be used\n",
      "           to display a list of known facility names and exit.\n",
      "\n",
      "       \u001b[1m-g\u001b[22m, \u001b[1m--grep=\u001b[0m\n",
      "           Filter output to entries where the \u001b[4mMESSAGE=\u001b[24m field matches the\n",
      "           specified regular expression. PERL-compatible regular expressions\n",
      "           are used, see \u001b[1mpcre2pattern\u001b[22m(3) for a detailed description of the\n",
      "           syntax.\n",
      "\n",
      "           If the pattern is all lowercase, matching is case insensitive.\n",
      "           Otherwise, matching is case sensitive. This can be overridden with\n",
      "           the \u001b[1m--case-sensitive \u001b[22moption, see below.\n",
      "\n",
      "       \u001b[1m--case-sensitive[=BOOLEAN]\u001b[0m\n",
      "           Make pattern matching case sensitive or case insensitive.\n",
      "\n",
      "       \u001b[1m-c\u001b[22m, \u001b[1m--cursor=\u001b[0m\n",
      "           Start showing entries from the location in the journal specified by\n",
      "           the passed cursor.\n",
      "\n",
      "       \u001b[1m--cursor-file=\u001b[4m\u001b[22mFILE\u001b[0m\n",
      "           If \u001b[4mFILE\u001b[24m exists and contains a cursor, start showing entries \u001b[4mafter\u001b[0m\n",
      "           this location. Otherwise the show entries according the other given\n",
      "           options. At the end, write the cursor of the last entry to \u001b[4mFILE\u001b[24m.\n",
      "           Use this option to continually read the journal by sequentially\n",
      "           calling \u001b[1mjournalctl\u001b[22m.\n",
      "\n",
      "       \u001b[1m--after-cursor=\u001b[0m\n",
      "           Start showing entries from the location in the journal \u001b[4mafter\u001b[24m the\n",
      "           location specified by the passed cursor. The cursor is shown when\n",
      "           the \u001b[1m--show-cursor \u001b[22moption is used.\n",
      "\n",
      "       \u001b[1m--show-cursor\u001b[0m\n",
      "           The cursor is shown after the last entry after two dashes:\n",
      "\n",
      "               -- cursor: s=0639...\n",
      "\n",
      "           The format of the cursor is private and subject to change.\n",
      "\n",
      "       \u001b[1m-S\u001b[22m, \u001b[1m--since=\u001b[22m, \u001b[1m-U\u001b[22m, \u001b[1m--until=\u001b[0m\n",
      "           Start showing entries on or newer than the specified date, or on or\n",
      "           older than the specified date, respectively. Date specifications\n",
      "           should be of the format \"2012-10-30 18:17:16\". If the time part is\n",
      "           omitted, \"00:00:00\" is assumed. If only the seconds component is\n",
      "           omitted, \":00\" is assumed. If the date component is omitted, the\n",
      "           current day is assumed. Alternatively the strings \"yesterday\",\n",
      "           \"today\", \"tomorrow\" are understood, which refer to 00:00:00 of the\n",
      "           day before the current day, the current day, or the day after the\n",
      "           current day, respectively.  \"now\" refers to the current time.\n",
      "           Finally, relative times may be specified, prefixed with \"-\" or \"+\",\n",
      "           referring to times before or after the current time, respectively.\n",
      "           For complete time and date specification, see \u001b[1msystemd.time\u001b[22m(7). Note\n",
      "           that \u001b[1m--output=short-full \u001b[22mprints timestamps that follow precisely\n",
      "           this format.\n",
      "\n",
      "       \u001b[1m-F\u001b[22m, \u001b[1m--field=\u001b[0m\n",
      "           Print all possible data values the specified field can take in all\n",
      "           entries of the journal.\n",
      "\n",
      "       \u001b[1m-N\u001b[22m, \u001b[1m--fields\u001b[0m\n",
      "           Print all field names currently used in all entries of the journal.\n",
      "\n",
      "       \u001b[1m--system\u001b[22m, \u001b[1m--user\u001b[0m\n",
      "           Show messages from system services and the kernel (with \u001b[1m--system\u001b[22m).\n",
      "           Show messages from service of current user (with \u001b[1m--user\u001b[22m). If\n",
      "           neither is specified, show all messages that the user can see.\n",
      "\n",
      "       \u001b[1m-M\u001b[22m, \u001b[1m--machine=\u001b[0m\n",
      "           Show messages from a running, local container. Specify a container\n",
      "           name to connect to.\n",
      "\n",
      "       \u001b[1m-D \u001b[4m\u001b[22mDIR\u001b[24m, \u001b[1m--directory=\u001b[4m\u001b[22mDIR\u001b[0m\n",
      "           Takes a directory path as argument. If specified, journalctl will\n",
      "           operate on the specified journal directory \u001b[4mDIR\u001b[24m instead of the\n",
      "           default runtime and system journal paths.\n",
      "\n",
      "       \u001b[1m--file=\u001b[4m\u001b[22mGLOB\u001b[0m\n",
      "           Takes a file glob as an argument. If specified, journalctl will\n",
      "           operate on the specified journal files matching \u001b[4mGLOB\u001b[24m instead of the\n",
      "           default runtime and system journal paths. May be specified multiple\n",
      "           times, in which case files will be suitably interleaved.\n",
      "\n",
      "       \u001b[1m--root=\u001b[4m\u001b[22mROOT\u001b[0m\n",
      "           Takes a directory path as an argument. If specified, \u001b[1mjournalctl\u001b[0m\n",
      "           will operate on journal directories and catalog file hierarchy\n",
      "           underneath the specified directory instead of the root directory\n",
      "           (e.g.  \u001b[1m--update-catalog \u001b[22mwill create\n",
      "           \u001b[4mROOT\u001b[24m/var/lib/systemd/catalog/database, and journal files under\n",
      "           \u001b[4mROOT\u001b[24m/run/journal/ or \u001b[4mROOT\u001b[24m/var/log/journal/ will be displayed).\n",
      "\n",
      "       \u001b[1m--image=\u001b[4m\u001b[22mIMAGE\u001b[0m\n",
      "           Takes a path to a disk image file or block device node. If\n",
      "           specified, \u001b[1mjournalctl \u001b[22mwill operate on the file system in the\n",
      "           indicated disk image. This is similar to \u001b[1m--root= \u001b[22mbut operates on\n",
      "           file systems stored in disk images or block devices, thus providing\n",
      "           an easy way to extract log data from disk images. The disk image\n",
      "           should either contain just a file system or a set of file systems\n",
      "           within a GPT partition table, following the \u001b[34m\u001b[1mDiscoverable Partitions\u001b[0m\n",
      "           \u001b[1m\u001b[34mSpecification\u001b[0m\u001b[1m\u001b[22m[6]. For further information on supported disk images,\n",
      "           see \u001b[1msystemd-nspawn\u001b[22m(1)'s switch of the same name.\n",
      "\n",
      "       \u001b[1m--namespace=\u001b[4m\u001b[22mNAMESPACE\u001b[0m\n",
      "           Takes a journal namespace identifier string as argument. If not\n",
      "           specified the data collected by the default namespace is shown. If\n",
      "           specified shows the log data of the specified namespace instead. If\n",
      "           the namespace is specified as \"*\" data from all namespaces is\n",
      "           shown, interleaved. If the namespace identifier is prefixed with\n",
      "           \"+\" data from the specified namespace and the default namespace is\n",
      "           shown, interleaved, but no other. For details about journal\n",
      "           namespaces see \u001b[1msystemd-journald.service\u001b[22m(8).\n",
      "\n",
      "       \u001b[1m--header\u001b[0m\n",
      "           Instead of showing journal contents, show internal header\n",
      "           information of the journal fields accessed.\n",
      "\n",
      "           This option is particularly useful when trying to identify\n"
     ]
    },
    {
     "name": "stdout",
     "output_type": "stream",
     "text": [
      "           out-of-order journal entries, as happens for example when the\n",
      "           machine is booted with the wrong system time.\n",
      "\n",
      "       \u001b[1m--disk-usage\u001b[0m\n",
      "           Shows the current disk usage of all journal files. This shows the\n",
      "           sum of the disk usage of all archived and active journal files.\n",
      "\n",
      "       \u001b[1m--vacuum-size=\u001b[22m, \u001b[1m--vacuum-time=\u001b[22m, \u001b[1m--vacuum-files=\u001b[0m\n",
      "           Removes the oldest archived journal files until the disk space they\n",
      "           use falls below the specified size (specified with the usual \"K\",\n",
      "           \"M\", \"G\" and \"T\" suffixes), or all archived journal files contain\n",
      "           no data older than the specified timespan (specified with the usual\n",
      "           \"s\", \"m\", \"h\", \"days\", \"months\", \"weeks\" and \"years\" suffixes), or\n",
      "           no more than the specified number of separate journal files remain.\n",
      "           Note that running \u001b[1m--vacuum-size= \u001b[22mhas only an indirect effect on the\n",
      "           output shown by \u001b[1m--disk-usage\u001b[22m, as the latter includes active journal\n",
      "           files, while the vacuuming operation only operates on archived\n",
      "           journal files. Similarly, \u001b[1m--vacuum-files= \u001b[22mmight not actually reduce\n",
      "           the number of journal files to below the specified number, as it\n",
      "           will not remove active journal files.\n",
      "\n",
      "           \u001b[1m--vacuum-size=\u001b[22m, \u001b[1m--vacuum-time= \u001b[22mand \u001b[1m--vacuum-files= \u001b[22mmay be combined\n",
      "           in a single invocation to enforce any combination of a size, a time\n",
      "           and a number of files limit on the archived journal files.\n",
      "           Specifying any of these three parameters as zero is equivalent to\n",
      "           not enforcing the specific limit, and is thus redundant.\n",
      "\n",
      "           These three switches may also be combined with \u001b[1m--rotate \u001b[22minto one\n",
      "           command. If so, all active files are rotated first, and the\n",
      "           requested vacuuming operation is executed right after. The rotation\n",
      "           has the effect that all currently active files are archived (and\n",
      "           potentially new, empty journal files opened as replacement), and\n",
      "           hence the vacuuming operation has the greatest effect as it can\n",
      "           take all log data written so far into account.\n",
      "\n",
      "       \u001b[1m--list-catalog [\u001b[4m\u001b[22m128-bit-ID...\u001b[24m]\n",
      "           List the contents of the message catalog as a table of message IDs,\n",
      "           plus their short description strings.\n",
      "\n",
      "           If any \u001b[4m128-bit-ID\u001b[24ms are specified, only those entries are shown.\n",
      "\n",
      "       \u001b[1m--dump-catalog [\u001b[4m\u001b[22m128-bit-ID...\u001b[24m]\n",
      "           Show the contents of the message catalog, with entries separated by\n",
      "           a line consisting of two dashes and the ID (the format is the same\n",
      "           as .catalog files).\n",
      "\n",
      "           If any \u001b[4m128-bit-ID\u001b[24ms are specified, only those entries are shown.\n",
      "\n",
      "       \u001b[1m--update-catalog\u001b[0m\n",
      "           Update the message catalog index. This command needs to be executed\n",
      "           each time new catalog files are installed, removed, or updated to\n",
      "           rebuild the binary catalog index.\n",
      "\n",
      "       \u001b[1m--setup-keys\u001b[0m\n",
      "           Instead of showing journal contents, generate a new key pair for\n",
      "           Forward Secure Sealing (FSS). This will generate a sealing key and\n",
      "           a verification key. The sealing key is stored in the journal data\n",
      "           directory and shall remain on the host. The verification key should\n",
      "           be stored externally. Refer to the \u001b[1mSeal= \u001b[22moption in \u001b[1mjournald.conf\u001b[22m(5)\n",
      "           for information on Forward Secure Sealing and for a link to a\n",
      "           refereed scholarly paper detailing the cryptographic theory it is\n",
      "           based on.\n",
      "\n",
      "       \u001b[1m--force\u001b[0m\n",
      "           When \u001b[1m--setup-keys \u001b[22mis passed and Forward Secure Sealing (FSS) has\n",
      "           already been configured, recreate FSS keys.\n",
      "\n",
      "       \u001b[1m--interval=\u001b[0m\n",
      "           Specifies the change interval for the sealing key when generating\n",
      "           an FSS key pair with \u001b[1m--setup-keys\u001b[22m. Shorter intervals increase CPU\n",
      "           consumption but shorten the time range of undetectable journal\n",
      "           alterations. Defaults to 15min.\n",
      "\n",
      "       \u001b[1m--verify\u001b[0m\n",
      "           Check the journal file for internal consistency. If the file has\n",
      "           been generated with FSS enabled and the FSS verification key has\n",
      "           been specified with \u001b[1m--verify-key=\u001b[22m, authenticity of the journal file\n",
      "           is verified.\n",
      "\n",
      "       \u001b[1m--verify-key=\u001b[0m\n",
      "           Specifies the FSS verification key to use for the \u001b[1m--verify\u001b[0m\n",
      "           operation.\n",
      "\n",
      "       \u001b[1m--sync\u001b[0m\n",
      "           Asks the journal daemon to write all yet unwritten journal data to\n",
      "           the backing file system and synchronize all journals. This call\n",
      "           does not return until the synchronization operation is complete.\n",
      "           This command guarantees that any log messages written before its\n",
      "           invocation are safely stored on disk at the time it returns.\n",
      "\n",
      "       \u001b[1m--flush\u001b[0m\n",
      "           Asks the journal daemon to flush any log data stored in\n",
      "           /run/log/journal/ into /var/log/journal/, if persistent storage is\n",
      "           enabled. This call does not return until the operation is complete.\n",
      "           Note that this call is idempotent: the data is only flushed from\n",
      "           /run/log/journal/ into /var/log/journal/ once during system runtime\n",
      "           (but see \u001b[1m--relinquish-var \u001b[22mbelow), and this command exits cleanly\n",
      "           without executing any operation if this has already happened. This\n",
      "           command effectively guarantees that all data is flushed to\n",
      "           /var/log/journal/ at the time it returns.\n",
      "\n",
      "       \u001b[1m--relinquish-var\u001b[0m\n",
      "           Asks the journal daemon for the reverse operation to \u001b[1m--flush\u001b[22m: if\n",
      "           requested the daemon will write further log data to\n",
      "           /run/log/journal/ and stops writing to /var/log/journal/. A\n",
      "           subsequent call to \u001b[1m--flush \u001b[22mcauses the log output to switch back to\n",
      "           /var/log/journal/, see above.\n",
      "\n",
      "       \u001b[1m--smart-relinquish-var\u001b[0m\n",
      "           Similar to \u001b[1m--relinquish-var \u001b[22mbut executes no operation if the root\n",
      "           file system and /var/lib/journal/ reside on the same mount point.\n",
      "           This operation is used during system shutdown in order to make the\n",
      "           journal daemon stop writing data to /var/log/journal/ in case that\n",
      "           directory is located on a mount point that needs to be unmounted.\n",
      "\n",
      "       \u001b[1m--rotate\u001b[0m\n",
      "           Asks the journal daemon to rotate journal files. This call does not\n",
      "           return until the rotation operation is complete. Journal file\n",
      "           rotation has the effect that all currently active journal files are\n",
      "           marked as archived and renamed, so that they are never written to\n",
      "           in future. New (empty) journal files are then created in their\n",
      "           place. This operation may be combined with \u001b[1m--vacuum-size=\u001b[22m,\n",
      "           \u001b[1m--vacuum-time= \u001b[22mand \u001b[1m--vacuum-file= \u001b[22minto a single command, see above.\n",
      "\n",
      "       \u001b[1m-h\u001b[22m, \u001b[1m--help\u001b[0m\n",
      "           Print a short help text and exit.\n",
      "\n",
      "       \u001b[1m--version\u001b[0m\n",
      "           Print a short version string and exit.\n",
      "\n",
      "       \u001b[1m--no-pager\u001b[0m\n",
      "           Do not pipe output into a pager.\n",
      "\n",
      "\u001b[1mEXIT STATUS\u001b[0m\n",
      "       On success, 0 is returned; otherwise, a non-zero failure code is\n",
      "       returned.\n",
      "\n",
      "\u001b[1mENVIRONMENT\u001b[0m\n",
      "       \u001b[4m$SYSTEMD_LOG_LEVEL\u001b[0m\n",
      "           The maximum log level of emitted messages (messages with a higher\n",
      "           log level, i.e. less important ones, will be suppressed). Either\n",
      "           one of (in order of decreasing importance) \u001b[1memerg\u001b[22m, \u001b[1malert\u001b[22m, \u001b[1mcrit\u001b[22m, \u001b[1merr\u001b[22m,\n",
      "           \u001b[1mwarning\u001b[22m, \u001b[1mnotice\u001b[22m, \u001b[1minfo\u001b[22m, \u001b[1mdebug\u001b[22m, or an integer in the range 0...7. See\n",
      "           \u001b[1msyslog\u001b[22m(3) for more information.\n",
      "\n",
      "       \u001b[4m$SYSTEMD_LOG_COLOR\u001b[0m\n",
      "           A boolean. If true, messages written to the tty will be colored\n",
      "           according to priority.\n",
      "\n",
      "           This setting is only useful when messages are written directly to\n",
      "           the terminal, because \u001b[1mjournalctl\u001b[22m(1) and other tools that display\n"
     ]
    },
    {
     "name": "stdout",
     "output_type": "stream",
     "text": [
      "           logs will color messages based on the log level on their own.\n",
      "\n",
      "       \u001b[4m$SYSTEMD_LOG_TIME\u001b[0m\n",
      "           A boolean. If true, console log messages will be prefixed with a\n",
      "           timestamp.\n",
      "\n",
      "           This setting is only useful when messages are written directly to\n",
      "           the terminal or a file, because \u001b[1mjournalctl\u001b[22m(1) and other tools that\n",
      "           display logs will attach timestamps based on the entry metadata on\n",
      "           their own.\n",
      "\n",
      "       \u001b[4m$SYSTEMD_LOG_LOCATION\u001b[0m\n",
      "           A boolean. If true, messages will be prefixed with a filename and\n",
      "           line number in the source code where the message originates.\n",
      "\n",
      "           Note that the log location is often attached as metadata to journal\n",
      "           entries anyway. Including it directly in the message text can\n",
      "           nevertheless be convenient when debugging programs.\n",
      "\n",
      "       \u001b[4m$SYSTEMD_LOG_TID\u001b[0m\n",
      "           A boolean. If true, messages will be prefixed with the current\n",
      "           numerical thread ID (TID).\n",
      "\n",
      "           Note that the this information is attached as metadata to journal\n",
      "           entries anyway. Including it directly in the message text can\n",
      "           nevertheless be convenient when debugging programs.\n",
      "\n",
      "       \u001b[4m$SYSTEMD_LOG_TARGET\u001b[0m\n",
      "           The destination for log messages. One of \u001b[1mconsole \u001b[22m(log to the\n",
      "           attached tty), \u001b[1mconsole-prefixed \u001b[22m(log to the attached tty but with\n",
      "           prefixes encoding the log level and \"facility\", see \u001b[1msyslog\u001b[22m(3), \u001b[1mkmsg\u001b[0m\n",
      "           (log to the kernel circular log buffer), \u001b[1mjournal \u001b[22m(log to the\n",
      "           journal), \u001b[1mjournal-or-kmsg \u001b[22m(log to the journal if available, and to\n",
      "           kmsg otherwise), \u001b[1mauto \u001b[22m(determine the appropriate log target\n",
      "           automatically, the default), \u001b[1mnull \u001b[22m(disable log output).\n",
      "\n",
      "       \u001b[4m$SYSTEMD_PAGER\u001b[0m\n",
      "           Pager to use when \u001b[1m--no-pager \u001b[22mis not given; overrides \u001b[4m$PAGER\u001b[24m. If\n",
      "           neither \u001b[4m$SYSTEMD_PAGER\u001b[24m nor \u001b[4m$PAGER\u001b[24m are set, a set of well-known\n",
      "           pager implementations are tried in turn, including \u001b[1mless\u001b[22m(1) and\n",
      "           \u001b[1mmore\u001b[22m(1), until one is found. If no pager implementation is\n",
      "           discovered no pager is invoked. Setting this environment variable\n",
      "           to an empty string or the value \"cat\" is equivalent to passing\n",
      "           \u001b[1m--no-pager\u001b[22m.\n",
      "\n",
      "       \u001b[4m$SYSTEMD_LESS\u001b[0m\n",
      "           Override the options passed to \u001b[1mless \u001b[22m(by default \"FRSXMK\").\n",
      "\n",
      "           Users might want to change two options in particular:\n",
      "\n",
      "           \u001b[1mK\u001b[0m\n",
      "               This option instructs the pager to exit immediately when Ctrl+C\n",
      "               is pressed. To allow \u001b[1mless \u001b[22mto handle Ctrl+C itself to switch\n",
      "               back to the pager command prompt, unset this option.\n",
      "\n",
      "               If the value of \u001b[4m$SYSTEMD_LESS\u001b[24m does not include \"K\", and the\n",
      "               pager that is invoked is \u001b[1mless\u001b[22m, Ctrl+C will be ignored by the\n",
      "               executable, and needs to be handled by the pager.\n",
      "\n",
      "           \u001b[1mX\u001b[0m\n",
      "               This option instructs the pager to not send termcap\n",
      "               initialization and deinitialization strings to the terminal. It\n",
      "               is set by default to allow command output to remain visible in\n",
      "               the terminal even after the pager exits. Nevertheless, this\n",
      "               prevents some pager functionality from working, in particular\n",
      "               paged output cannot be scrolled with the mouse.\n",
      "\n",
      "           See \u001b[1mless\u001b[22m(1) for more discussion.\n",
      "\n",
      "       \u001b[4m$SYSTEMD_LESSCHARSET\u001b[0m\n",
      "           Override the charset passed to \u001b[1mless \u001b[22m(by default \"utf-8\", if the\n",
      "           invoking terminal is determined to be UTF-8 compatible).\n",
      "\n",
      "       \u001b[4m$SYSTEMD_PAGERSECURE\u001b[0m\n",
      "           Takes a boolean argument. When true, the \"secure\" mode of the pager\n",
      "           is enabled; if false, disabled. If \u001b[4m$SYSTEMD_PAGERSECURE\u001b[24m is not set\n",
      "           at all, secure mode is enabled if the effective UID is not the same\n",
      "           as the owner of the login session, see \u001b[1mgeteuid\u001b[22m(2) and\n",
      "           \u001b[1msd_pid_get_owner_uid\u001b[22m(3). In secure mode, \u001b[1mLESSSECURE=1 \u001b[22mwill be set\n",
      "           when invoking the pager, and the pager shall disable commands that\n",
      "           open or create new files or start new subprocesses. When\n",
      "           \u001b[4m$SYSTEMD_PAGERSECURE\u001b[24m is not set at all, pagers which are not known\n",
      "           to implement secure mode will not be used. (Currently only \u001b[1mless\u001b[22m(1)\n",
      "           implements secure mode.)\n",
      "\n",
      "           Note: when commands are invoked with elevated privileges, for\n",
      "           example under \u001b[1msudo\u001b[22m(8) or \u001b[1mpkexec\u001b[22m(1), care must be taken to ensure\n",
      "           that unintended interactive features are not enabled. \"Secure\" mode\n",
      "           for the pager may be enabled automatically as describe above.\n",
      "           Setting \u001b[4mSYSTEMD_PAGERSECURE=0\u001b[24m or not removing it from the inherited\n",
      "           environment allows the user to invoke arbitrary commands. Note that\n",
      "           if the \u001b[4m$SYSTEMD_PAGER\u001b[24m or \u001b[4m$PAGER\u001b[24m variables are to be honoured,\n",
      "           \u001b[4m$SYSTEMD_PAGERSECURE\u001b[24m must be set too. It might be reasonable to\n",
      "           completely disable the pager using \u001b[1m--no-pager \u001b[22minstead.\n",
      "\n",
      "       \u001b[4m$SYSTEMD_COLORS\u001b[0m\n",
      "           Takes a boolean argument. When true, \u001b[1msystemd \u001b[22mand related utilities\n",
      "           will use colors in their output, otherwise the output will be\n",
      "           monochrome. Additionally, the variable can take one of the\n",
      "           following special values: \"16\", \"256\" to restrict the use of colors\n",
      "           to the base 16 or 256 ANSI colors, respectively. This can be\n",
      "           specified to override the automatic decision based on \u001b[4m$TERM\u001b[24m and\n",
      "           what the console is connected to.\n",
      "\n",
      "       \u001b[4m$SYSTEMD_URLIFY\u001b[0m\n",
      "           The value must be a boolean. Controls whether clickable links\n",
      "           should be generated in the output for terminal emulators supporting\n",
      "           this. This can be specified to override the decision that \u001b[1msystemd\u001b[0m\n",
      "           makes based on \u001b[4m$TERM\u001b[24m and other conditions.\n",
      "\n",
      "\u001b[1mEXAMPLES\u001b[0m\n",
      "       Without arguments, all collected logs are shown unfiltered:\n",
      "\n",
      "           journalctl\n",
      "\n",
      "       With one match specified, all entries with a field matching the\n",
      "       expression are shown:\n",
      "\n",
      "           journalctl _SYSTEMD_UNIT=avahi-daemon.service\n",
      "           journalctl _SYSTEMD_CGROUP=/user.slice/user-42.slice/session-c1.scope\n",
      "\n",
      "       If two different fields are matched, only entries matching both\n",
      "       expressions at the same time are shown:\n",
      "\n",
      "           journalctl _SYSTEMD_UNIT=avahi-daemon.service _PID=28097\n",
      "\n",
      "       If two matches refer to the same field, all entries matching either\n",
      "       expression are shown:\n",
      "\n",
      "           journalctl _SYSTEMD_UNIT=avahi-daemon.service _SYSTEMD_UNIT=dbus.service\n",
      "\n",
      "       If the separator \"+\" is used, two expressions may be combined in a\n",
      "       logical OR. The following will show all messages from the Avahi service\n",
      "       process with the PID 28097 plus all messages from the D-Bus service\n",
      "       (from any of its processes):\n",
      "\n",
      "           journalctl _SYSTEMD_UNIT=avahi-daemon.service _PID=28097 + _SYSTEMD_UNIT=dbus.service\n",
      "\n",
      "       To show all fields emitted \u001b[4mby\u001b[24m a unit and \u001b[4mabout\u001b[24m the unit, option\n",
      "       \u001b[1m-u\u001b[22m/\u001b[1m--unit= \u001b[22mshould be used.  \u001b[1mjournalctl -u \u001b[4m\u001b[22mname\u001b[24m expands to a complex\n",
      "       filter similar to\n",
      "\n",
      "           _SYSTEMD_UNIT=\u001b[4mname\u001b[24m.service\n",
      "             + UNIT=\u001b[4mname\u001b[24m.service _PID=1\n",
      "             + OBJECT_SYSTEMD_UNIT=\u001b[4mname\u001b[24m.service _UID=0\n",
      "             + COREDUMP_UNIT=\u001b[4mname\u001b[24m.service _UID=0 MESSAGE_ID=fc2e22bc6ee647b6b90729ab34a250b1\n",
      "\n",
      "       (see \u001b[1msystemd.journal-fields\u001b[22m(7) for an explanation of those patterns).\n",
      "\n",
      "       Show all logs generated by the D-Bus executable:\n",
      "\n",
      "           journalctl /usr/bin/dbus-daemon\n",
      "\n",
      "       Show all kernel logs from previous boot:\n",
      "\n",
      "           journalctl -k -b -1\n",
      "\n",
      "       Show a live log display from a system service apache.service:\n",
      "\n",
      "           journalctl -f -u apache\n",
      "\n",
      "\u001b[1mSEE ALSO\u001b[0m\n",
      "       \u001b[1msystemd\u001b[22m(1), \u001b[1msystemd-journald.service\u001b[22m(8), \u001b[1msystemctl\u001b[22m(1), \u001b[1mcoredumpctl\u001b[22m(1),\n"
     ]
    },
    {
     "name": "stdout",
     "output_type": "stream",
     "text": [
      "       \u001b[1msystemd.journal-fields\u001b[22m(7), \u001b[1mjournald.conf\u001b[22m(5), \u001b[1msystemd.time\u001b[22m(7), \u001b[1msystemd-\u001b[0m\n",
      "       \u001b[1mjournal-remote.service\u001b[22m(8), \u001b[1msystemd-journal-upload.service\u001b[22m(8)\n",
      "\n",
      "\u001b[1mNOTES\u001b[0m\n",
      "        1. Journal Export Format\n",
      "           https://systemd.io/JOURNAL_EXPORT_FORMATS#journal-export-format\n",
      "\n",
      "        2. Journal JSON Format\n",
      "           https://systemd.io/JOURNAL_EXPORT_FORMATS#journal-json-format\n",
      "\n",
      "        3. Server-Sent Events\n",
      "           https://developer.mozilla.org/en-US/docs/Server-sent_events/Using_server-sent_events\n",
      "\n",
      "        4. JavaScript Object Notation (JSON) Text Sequences\n",
      "           https://tools.ietf.org/html/rfc7464\n",
      "\n",
      "        5. Message Catalog Developer Documentation\n",
      "           https://www.freedesktop.org/wiki/Software/systemd/catalog\n",
      "\n",
      "        6. Discoverable Partitions Specification\n",
      "           https://systemd.io/DISCOVERABLE_PARTITIONS\n",
      "\n",
      "systemd 250                                                      JOURNALCTL(1)\n",
      "\u001b[?2004h"
     ]
    },
    {
     "ename": "",
     "evalue": "1",
     "output_type": "error",
     "traceback": []
    }
   ],
   "source": [
    "man journalctl"
   ]
  },
  {
   "cell_type": "code",
   "execution_count": 2,
   "id": "0dc1bd1d",
   "metadata": {
    "collapsed": true
   },
   "outputs": [
    {
     "name": "stdout",
     "output_type": "stream",
     "text": [
      "Sep 19 19:05:42 fedora kernel: microcode: microcode updated early to revision 0xb2, date = 2022-03-17\n",
      "Sep 19 19:05:42 fedora kernel: \u001b[0;1;39m\u001b[0;1;31m\u001b[0;1;39mLinux version 5.19.8-200.fc36.x86_64 (mockbuild@bkernel02.iad2.fedoraproject.org) (gcc (GCC) 12.2.1 20220819 (Red Hat 12.2.1-1), GNU ld version 2.37-35.fc36) #1 SMP PREEMPT_DYNAMIC Thu Sep 8 19:02:21 UTC 2022\u001b[0m\n",
      "Sep 19 19:05:42 fedora kernel: Command line: BOOT_IMAGE=(hd1,gpt5)/root/boot/vmlinuz-5.19.8-200.fc36.x86_64 root=UUID=762e2e0d-eaba-4521-84b6-15a0356d80de ro rootflags=subvol=root resume=UUID=e359951f-8323-4f33-9ba5-7d6e06a88cf6 rhgb quiet\n",
      "Sep 19 19:05:42 fedora kernel: x86/split lock detection: #AC: crashing the kernel on kernel split_locks and warning on user-space split_locks\n",
      "Sep 19 19:05:42 fedora kernel: x86/fpu: Supporting XSAVE feature 0x001: 'x87 floating point registers'\n",
      "Sep 19 19:05:42 fedora kernel: x86/fpu: Supporting XSAVE feature 0x002: 'SSE registers'\n",
      "Sep 19 19:05:42 fedora kernel: x86/fpu: Supporting XSAVE feature 0x004: 'AVX registers'\n",
      "Sep 19 19:05:42 fedora kernel: x86/fpu: Supporting XSAVE feature 0x020: 'AVX-512 opmask'\n",
      "Sep 19 19:05:42 fedora kernel: x86/fpu: Supporting XSAVE feature 0x040: 'AVX-512 Hi256'\n",
      "Sep 19 19:05:42 fedora kernel: x86/fpu: Supporting XSAVE feature 0x080: 'AVX-512 ZMM_Hi256'\n",
      "Sep 19 19:05:42 fedora kernel: x86/fpu: Supporting XSAVE feature 0x200: 'Protection Keys User registers'\n",
      "Sep 19 19:05:42 fedora kernel: x86/fpu: xstate_offset[2]:  576, xstate_sizes[2]:  256\n",
      "Sep 19 19:05:42 fedora kernel: x86/fpu: xstate_offset[5]:  832, xstate_sizes[5]:   64\n",
      "Sep 19 19:05:42 fedora kernel: x86/fpu: xstate_offset[6]:  896, xstate_sizes[6]:  512\n",
      "Sep 19 19:05:42 fedora kernel: x86/fpu: xstate_offset[7]: 1408, xstate_sizes[7]: 1024\n",
      "Sep 19 19:05:42 fedora kernel: x86/fpu: xstate_offset[9]: 2432, xstate_sizes[9]:    8\n",
      "Sep 19 19:05:42 fedora kernel: x86/fpu: Enabled xstate features 0x2e7, context size is 2440 bytes, using 'compacted' format.\n",
      "Sep 19 19:05:42 fedora kernel: signal: max sigframe size: 3632\n",
      "Sep 19 19:05:42 fedora kernel: BIOS-provided physical RAM map:\n",
      "Sep 19 19:05:42 fedora kernel: BIOS-e820: [mem 0x0000000000000000-0x000000000009efff] usable\n",
      "Sep 19 19:05:42 fedora kernel: BIOS-e820: [mem 0x000000000009f000-0x00000000000fffff] reserved\n",
      "Sep 19 19:05:42 fedora kernel: BIOS-e820: [mem 0x0000000000100000-0x0000000033ed1fff] usable\n",
      "Sep 19 19:05:42 fedora kernel: BIOS-e820: [mem 0x0000000033ed2000-0x0000000033ed2fff] ACPI NVS\n",
      "Sep 19 19:05:42 fedora kernel: BIOS-e820: [mem 0x0000000033ed3000-0x0000000033f28fff] usable\n",
      "Sep 19 19:05:42 fedora kernel: BIOS-e820: [mem 0x0000000033f29000-0x0000000033f29fff] reserved\n",
      "Sep 19 19:05:42 fedora kernel: BIOS-e820: [mem 0x0000000033f2a000-0x0000000042a2efff] usable\n",
      "Sep 19 19:05:42 fedora kernel: BIOS-e820: [mem 0x0000000042a2f000-0x000000004518efff] reserved\n",
      "Sep 19 19:05:42 fedora kernel: BIOS-e820: [mem 0x000000004518f000-0x0000000045f7efff] ACPI NVS\n",
      "Sep 19 19:05:42 fedora kernel: BIOS-e820: [mem 0x0000000045f7f000-0x0000000045ffefff] ACPI data\n",
      "Sep 19 19:05:42 fedora kernel: BIOS-e820: [mem 0x0000000045fff000-0x0000000045ffffff] usable\n",
      "Sep 19 19:05:42 fedora kernel: BIOS-e820: [mem 0x0000000046000000-0x0000000049ffffff] reserved\n",
      "Sep 19 19:05:42 fedora kernel: BIOS-e820: [mem 0x000000004a200000-0x000000004a3fffff] reserved\n",
      "Sep 19 19:05:42 fedora kernel: BIOS-e820: [mem 0x000000004b000000-0x00000000cfffffff] reserved\n",
      "Sep 19 19:05:42 fedora kernel: BIOS-e820: [mem 0x00000000fc800000-0x00000000fe7fffff] reserved\n",
      "Sep 19 19:05:42 fedora kernel: BIOS-e820: [mem 0x00000000fec00000-0x00000000fec00fff] reserved\n",
      "Sep 19 19:05:42 fedora kernel: BIOS-e820: [mem 0x00000000fed00000-0x00000000fed00fff] reserved\n",
      "Sep 19 19:05:42 fedora kernel: BIOS-e820: [mem 0x00000000fed10000-0x00000000fed17fff] reserved\n",
      "Sep 19 19:05:42 fedora kernel: BIOS-e820: [mem 0x00000000fed20000-0x00000000fed7ffff] reserved\n",
      "Sep 19 19:05:42 fedora kernel: BIOS-e820: [mem 0x00000000feda0000-0x00000000feda1fff] reserved\n",
      "Sep 19 19:05:42 fedora kernel: BIOS-e820: [mem 0x00000000fee00000-0x00000000fee00fff] reserved\n",
      "Sep 19 19:05:42 fedora kernel: BIOS-e820: [mem 0x00000000ff400000-0x00000000ffffffff] reserved\n",
      "Sep 19 19:05:42 fedora kernel: BIOS-e820: [mem 0x0000000100000000-0x00000002afbfffff] usable\n",
      "Sep 19 19:05:42 fedora kernel: NX (Execute Disable) protection: active\n",
      "Sep 19 19:05:42 fedora kernel: efi: EFI v2.70 by INSYDE Corp.\n",
      "Sep 19 19:05:42 fedora kernel: efi: ACPI=0x45ffe000 ACPI 2.0=0x45ffe014 TPMFinalLog=0x45f52000 ESRT=0x44393a98 SMBIOS=0x43bf0000 SMBIOS 3.0=0x43bee000 MEMATTR=0x311f7018 MOKvar=0x43bef000 RNG=0x43bec818 TPMEventLog=0x311f1018 \n",
      "Sep 19 19:05:42 fedora kernel: \u001b[0;1;39m\u001b[0;1;31m\u001b[0;1;39mefi: seeding entropy pool\u001b[0m\n",
      "Sep 19 19:05:42 fedora kernel: \u001b[0;1;39m\u001b[0;1;31m\u001b[0;1;39mrandom: crng init done\u001b[0m\n",
      "Sep 19 19:05:42 fedora kernel: secureboot: Secure boot disabled\n",
      "Sep 19 19:05:42 fedora kernel: SMBIOS 3.2.0 present.\n",
      "Sep 19 19:05:42 fedora kernel: DMI: HP HP Laptop 15s-du2xxx/85F3, BIOS F.53 10/15/2021\n",
      "Sep 19 19:05:42 fedora kernel: tsc: Detected 1200.000 MHz processor\n",
      "Sep 19 19:05:42 fedora kernel: tsc: Detected 1190.400 MHz TSC\n",
      "Sep 19 19:05:42 fedora kernel: \u001b[0;38;5;245m\u001b[0;1;31m\u001b[0;38;5;245me820: update [mem 0x00000000-0x00000fff] usable ==> reserved\u001b[0m\n",
      "Sep 19 19:05:42 fedora kernel: \u001b[0;38;5;245m\u001b[0;1;31m\u001b[0;38;5;245me820: remove [mem 0x000a0000-0x000fffff] usable\u001b[0m\n",
      "Sep 19 19:05:42 fedora kernel: last_pfn = 0x2afc00 max_arch_pfn = 0x400000000\n",
      "Sep 19 19:05:42 fedora kernel: x86/PAT: Configuration [0-7]: WB  WC  UC- UC  WB  WP  UC- WT  \n",
      "Sep 19 19:05:42 fedora kernel: last_pfn = 0x46000 max_arch_pfn = 0x400000000\n",
      "Sep 19 19:05:42 fedora kernel: esrt: Reserving ESRT space from 0x0000000044393a98 to 0x0000000044393ad0.\n",
      "Sep 19 19:05:42 fedora kernel: Using GB pages for direct mapping\n",
      "Sep 19 19:05:42 fedora kernel: secureboot: Secure boot disabled\n",
      "Sep 19 19:05:42 fedora kernel: RAMDISK: [mem 0x2ea1c000-0x30c01fff]\n",
      "Sep 19 19:05:42 fedora kernel: ACPI: Early table checksum verification disabled\n",
      "Sep 19 19:05:42 fedora kernel: ACPI: RSDP 0x0000000045FFE014 000024 (v02 HPQOEM)\n",
      "Sep 19 19:05:42 fedora kernel: ACPI: XSDT 0x0000000045FD1188 000134 (v01 HPQOEM SLIC-MPC 00000002 HP   01000013)\n",
      "Sep 19 19:05:42 fedora kernel: ACPI: FACP 0x0000000045FFD000 00010C (v05 HPQOEM SLIC-MPC 00000002 HP   00040000)\n",
      "Sep 19 19:05:42 fedora kernel: ACPI: DSDT 0x0000000045F91000 03BE4A (v02 HPQOEM 85F3     00000002 HP   00040000)\n",
      "Sep 19 19:05:42 fedora kernel: ACPI: FACS 0x0000000045F2F000 000040\n",
      "Sep 19 19:05:42 fedora kernel: ACPI: UEFI 0x0000000045F7E000 000236 (v01 HPQOEM 85F3     00000001 HP   00040000)\n",
      "Sep 19 19:05:42 fedora kernel: ACPI: SSDT 0x0000000045FF9000 003CE7 (v02 HPQOEM 85F3     00001000 HP   00040000)\n",
      "Sep 19 19:05:42 fedora kernel: ACPI: SSDT 0x0000000045FF7000 001B60 (v02 HPQOEM 85F3     00003000 HP   00040000)\n",
      "Sep 19 19:05:42 fedora kernel: ACPI: SSDT 0x0000000045FF6000 000100 (v02 HPQOEM 85F3     00003000 HP   00040000)\n",
      "Sep 19 19:05:42 fedora kernel: ACPI: SSDT 0x0000000045FF2000 003389 (v02 HPQOEM 85F3     00003000 HP   00040000)\n",
      "Sep 19 19:05:42 fedora kernel: ACPI: SSDT 0x0000000045FE6000 00B259 (v02 HPQOEM 85F3     00001000 HP   00040000)\n",
      "Sep 19 19:05:42 fedora kernel: ACPI: SSDT 0x0000000045FE5000 000781 (v01 HPQOEM 85F3     00001000 HP   00040000)\n",
      "Sep 19 19:05:42 fedora kernel: ACPI: TPM2 0x0000000045FE4000 000034 (v04 HPQOEM 85F3     00000002 HP   00040000)\n",
      "Sep 19 19:05:42 fedora kernel: ACPI: SSDT 0x0000000045FE3000 000179 (v01 HPQOEM 85F3     00001000 HP   00040000)\n",
      "Sep 19 19:05:42 fedora kernel: ACPI: SSDT 0x0000000045FDB000 00787C (v01 HPQOEM 85F3     00001000 HP   00040000)\n",
      "Sep 19 19:05:42 fedora kernel: ACPI: MSDM 0x0000000045FDA000 000055 (v03 HPQOEM SLIC-MPC 00000001 HP   00040000)\n",
      "Sep 19 19:05:42 fedora kernel: ACPI: LPIT 0x0000000045FD9000 000094 (v01 HPQOEM 85F3     00000002 HP   00040000)\n",
      "Sep 19 19:05:42 fedora kernel: ACPI: WSMT 0x0000000045FD8000 000028 (v01 HPQOEM 85F3     00000002 HP   00040000)\n",
      "Sep 19 19:05:42 fedora kernel: ACPI: SSDT 0x0000000045FD7000 000B70 (v02 HPQOEM 85F3     00001000 HP   00040000)\n",
      "Sep 19 19:05:42 fedora kernel: ACPI: DBGP 0x0000000045FD6000 000034 (v01 HPQOEM SLIC-MPC 00000002 HP   00040000)\n"
     ]
    },
    {
     "name": "stdout",
     "output_type": "stream",
     "text": [
      "Sep 19 19:05:42 fedora kernel: ACPI: DBG2 0x0000000045FD5000 000054 (v00 HPQOEM 85F3     00000002 HP   00040000)\n",
      "Sep 19 19:05:42 fedora kernel: ACPI: SSDT 0x0000000045FD4000 0007EA (v02 HPQOEM 85F3     00001000 HP   00040000)\n",
      "Sep 19 19:05:42 fedora kernel: ACPI: NHLT 0x0000000045FD3000 0002DF (v00 HPQOEM 85F3     00000002 HP   00040000)\n",
      "Sep 19 19:05:42 fedora kernel: ACPI: ECDT 0x0000000045FD2000 000069 (v01 HPQOEM 85F3     00000002 HP   00040000)\n",
      "Sep 19 19:05:42 fedora kernel: ACPI: HPET 0x0000000045FD0000 000038 (v01 HPQOEM 85F3     00000002 HP   00040000)\n",
      "Sep 19 19:05:42 fedora kernel: ACPI: APIC 0x0000000045FCF000 00012C (v03 HPQOEM 85F3     00000002 HP   00040000)\n",
      "Sep 19 19:05:42 fedora kernel: ACPI: MCFG 0x0000000045FCE000 00003C (v01 HPQOEM 85F3     00000002 HP   00040000)\n",
      "Sep 19 19:05:42 fedora kernel: ACPI: SSDT 0x0000000045F90000 0000F5 (v01 HPQOEM 85F3     00000002 HP   00040000)\n",
      "Sep 19 19:05:42 fedora kernel: ACPI: SSDT 0x0000000045F8F000 000CA8 (v02 HPQOEM 85F3     00000002 HP   00040000)\n",
      "Sep 19 19:05:42 fedora kernel: ACPI: SSDT 0x0000000045F8D000 000976 (v02 HPQOEM 85F3     00001000 HP   00040000)\n",
      "Sep 19 19:05:42 fedora kernel: ACPI: DMAR 0x0000000045F8E000 0000A8 (v02 HPQOEM 85F3     00000002 HP   00040000)\n",
      "Sep 19 19:05:42 fedora kernel: ACPI: SSDT 0x0000000045F8C000 000164 (v01 HPQOEM 85F3     00001000 HP   00040000)\n",
      "Sep 19 19:05:42 fedora kernel: ACPI: SSDT 0x0000000045F8B000 00005C (v02 HPQOEM 85F3     00001000 HP   00040000)\n",
      "Sep 19 19:05:42 fedora kernel: ACPI: SSDT 0x0000000045F8A000 00082C (v02 HPQOEM 85F3     00003000 HP   00040000)\n",
      "Sep 19 19:05:42 fedora kernel: ACPI: UEFI 0x000000004579D000 00063A (v01 HPQOEM 85F3     00000000 HP   00040000)\n",
      "Sep 19 19:05:42 fedora kernel: ACPI: UEFI 0x000000004579C000 00005C (v01 HPQOEM 85F3     00000000 HP   00040000)\n",
      "Sep 19 19:05:42 fedora kernel: ACPI: FPDT 0x0000000045F89000 000044 (v01 HPQOEM SLIC-MPC 00000002 HP   00040000)\n",
      "Sep 19 19:05:42 fedora kernel: ACPI: BGRT 0x0000000045F88000 000038 (v01 HPQOEM 85F3     00000001 HP   00040000)\n",
      "Sep 19 19:05:42 fedora kernel: ACPI: Reserving FACP table memory at [mem 0x45ffd000-0x45ffd10b]\n",
      "Sep 19 19:05:42 fedora kernel: ACPI: Reserving DSDT table memory at [mem 0x45f91000-0x45fcce49]\n",
      "Sep 19 19:05:42 fedora kernel: ACPI: Reserving FACS table memory at [mem 0x45f2f000-0x45f2f03f]\n",
      "Sep 19 19:05:42 fedora kernel: ACPI: Reserving UEFI table memory at [mem 0x45f7e000-0x45f7e235]\n",
      "Sep 19 19:05:42 fedora kernel: ACPI: Reserving SSDT table memory at [mem 0x45ff9000-0x45ffcce6]\n",
      "Sep 19 19:05:42 fedora kernel: ACPI: Reserving SSDT table memory at [mem 0x45ff7000-0x45ff8b5f]\n",
      "Sep 19 19:05:42 fedora kernel: ACPI: Reserving SSDT table memory at [mem 0x45ff6000-0x45ff60ff]\n",
      "Sep 19 19:05:42 fedora kernel: ACPI: Reserving SSDT table memory at [mem 0x45ff2000-0x45ff5388]\n",
      "Sep 19 19:05:42 fedora kernel: ACPI: Reserving SSDT table memory at [mem 0x45fe6000-0x45ff1258]\n",
      "Sep 19 19:05:42 fedora kernel: ACPI: Reserving SSDT table memory at [mem 0x45fe5000-0x45fe5780]\n",
      "Sep 19 19:05:42 fedora kernel: ACPI: Reserving TPM2 table memory at [mem 0x45fe4000-0x45fe4033]\n",
      "Sep 19 19:05:42 fedora kernel: ACPI: Reserving SSDT table memory at [mem 0x45fe3000-0x45fe3178]\n",
      "Sep 19 19:05:42 fedora kernel: ACPI: Reserving SSDT table memory at [mem 0x45fdb000-0x45fe287b]\n",
      "Sep 19 19:05:42 fedora kernel: ACPI: Reserving MSDM table memory at [mem 0x45fda000-0x45fda054]\n",
      "Sep 19 19:05:42 fedora kernel: ACPI: Reserving LPIT table memory at [mem 0x45fd9000-0x45fd9093]\n",
      "Sep 19 19:05:42 fedora kernel: ACPI: Reserving WSMT table memory at [mem 0x45fd8000-0x45fd8027]\n",
      "Sep 19 19:05:42 fedora kernel: ACPI: Reserving SSDT table memory at [mem 0x45fd7000-0x45fd7b6f]\n",
      "Sep 19 19:05:42 fedora kernel: ACPI: Reserving DBGP table memory at [mem 0x45fd6000-0x45fd6033]\n",
      "Sep 19 19:05:42 fedora kernel: ACPI: Reserving DBG2 table memory at [mem 0x45fd5000-0x45fd5053]\n",
      "Sep 19 19:05:42 fedora kernel: ACPI: Reserving SSDT table memory at [mem 0x45fd4000-0x45fd47e9]\n",
      "Sep 19 19:05:42 fedora kernel: ACPI: Reserving NHLT table memory at [mem 0x45fd3000-0x45fd32de]\n",
      "Sep 19 19:05:42 fedora kernel: ACPI: Reserving ECDT table memory at [mem 0x45fd2000-0x45fd2068]\n",
      "Sep 19 19:05:42 fedora kernel: ACPI: Reserving HPET table memory at [mem 0x45fd0000-0x45fd0037]\n",
      "Sep 19 19:05:42 fedora kernel: ACPI: Reserving APIC table memory at [mem 0x45fcf000-0x45fcf12b]\n",
      "Sep 19 19:05:42 fedora kernel: ACPI: Reserving MCFG table memory at [mem 0x45fce000-0x45fce03b]\n",
      "Sep 19 19:05:42 fedora kernel: ACPI: Reserving SSDT table memory at [mem 0x45f90000-0x45f900f4]\n",
      "Sep 19 19:05:42 fedora kernel: ACPI: Reserving SSDT table memory at [mem 0x45f8f000-0x45f8fca7]\n",
      "Sep 19 19:05:42 fedora kernel: ACPI: Reserving SSDT table memory at [mem 0x45f8d000-0x45f8d975]\n",
      "Sep 19 19:05:42 fedora kernel: ACPI: Reserving DMAR table memory at [mem 0x45f8e000-0x45f8e0a7]\n",
      "Sep 19 19:05:42 fedora kernel: ACPI: Reserving SSDT table memory at [mem 0x45f8c000-0x45f8c163]\n",
      "Sep 19 19:05:42 fedora kernel: ACPI: Reserving SSDT table memory at [mem 0x45f8b000-0x45f8b05b]\n",
      "Sep 19 19:05:42 fedora kernel: ACPI: Reserving SSDT table memory at [mem 0x45f8a000-0x45f8a82b]\n",
      "Sep 19 19:05:42 fedora kernel: ACPI: Reserving UEFI table memory at [mem 0x4579d000-0x4579d639]\n",
      "Sep 19 19:05:42 fedora kernel: ACPI: Reserving UEFI table memory at [mem 0x4579c000-0x4579c05b]\n",
      "Sep 19 19:05:42 fedora kernel: ACPI: Reserving FPDT table memory at [mem 0x45f89000-0x45f89043]\n",
      "Sep 19 19:05:42 fedora kernel: ACPI: Reserving BGRT table memory at [mem 0x45f88000-0x45f88037]\n",
      "Sep 19 19:05:42 fedora kernel: No NUMA configuration found\n",
      "Sep 19 19:05:42 fedora kernel: Faking a node at [mem 0x0000000000000000-0x00000002afbfffff]\n",
      "Sep 19 19:05:42 fedora kernel: NODE_DATA(0) allocated [mem 0x2afbd5000-0x2afbfffff]\n",
      "Sep 19 19:05:42 fedora kernel: Zone ranges:\n",
      "Sep 19 19:05:42 fedora kernel:   DMA      [mem 0x0000000000001000-0x0000000000ffffff]\n",
      "Sep 19 19:05:42 fedora kernel:   DMA32    [mem 0x0000000001000000-0x00000000ffffffff]\n",
      "Sep 19 19:05:42 fedora kernel:   Normal   [mem 0x0000000100000000-0x00000002afbfffff]\n",
      "Sep 19 19:05:42 fedora kernel:   Device   empty\n",
      "Sep 19 19:05:42 fedora kernel: Movable zone start for each node\n",
      "Sep 19 19:05:42 fedora kernel: Early memory node ranges\n",
      "Sep 19 19:05:42 fedora kernel:   node   0: [mem 0x0000000000001000-0x000000000009efff]\n",
      "Sep 19 19:05:42 fedora kernel:   node   0: [mem 0x0000000000100000-0x0000000033ed1fff]\n",
      "Sep 19 19:05:42 fedora kernel:   node   0: [mem 0x0000000033ed3000-0x0000000033f28fff]\n",
      "Sep 19 19:05:42 fedora kernel:   node   0: [mem 0x0000000033f2a000-0x0000000042a2efff]\n",
      "Sep 19 19:05:42 fedora kernel:   node   0: [mem 0x0000000045fff000-0x0000000045ffffff]\n",
      "Sep 19 19:05:42 fedora kernel:   node   0: [mem 0x0000000100000000-0x00000002afbfffff]\n",
      "Sep 19 19:05:42 fedora kernel: Initmem setup node 0 [mem 0x0000000000001000-0x00000002afbfffff]\n",
      "Sep 19 19:05:42 fedora kernel: On node 0, zone DMA: 1 pages in unavailable ranges\n",
      "Sep 19 19:05:42 fedora kernel: On node 0, zone DMA: 97 pages in unavailable ranges\n",
      "Sep 19 19:05:42 fedora kernel: On node 0, zone DMA32: 1 pages in unavailable ranges\n",
      "Sep 19 19:05:42 fedora kernel: On node 0, zone DMA32: 1 pages in unavailable ranges\n",
      "Sep 19 19:05:42 fedora kernel: On node 0, zone DMA32: 13776 pages in unavailable ranges\n",
      "Sep 19 19:05:42 fedora kernel: On node 0, zone Normal: 8192 pages in unavailable ranges\n",
      "Sep 19 19:05:42 fedora kernel: On node 0, zone Normal: 1024 pages in unavailable ranges\n",
      "Sep 19 19:05:42 fedora kernel: Reserving Intel graphics memory at [mem 0x4c800000-0x503fffff]\n",
      "Sep 19 19:05:42 fedora kernel: ACPI: PM-Timer IO Port: 0x1808\n",
      "Sep 19 19:05:42 fedora kernel: ACPI: LAPIC_NMI (acpi_id[0x01] high edge lint[0x1])\n",
      "Sep 19 19:05:42 fedora kernel: ACPI: LAPIC_NMI (acpi_id[0x02] high edge lint[0x1])\n",
      "Sep 19 19:05:42 fedora kernel: ACPI: LAPIC_NMI (acpi_id[0x03] high edge lint[0x1])\n",
      "Sep 19 19:05:42 fedora kernel: ACPI: LAPIC_NMI (acpi_id[0x04] high edge lint[0x1])\n",
      "Sep 19 19:05:42 fedora kernel: ACPI: LAPIC_NMI (acpi_id[0x05] high edge lint[0x1])\n",
      "Sep 19 19:05:42 fedora kernel: ACPI: LAPIC_NMI (acpi_id[0x06] high edge lint[0x1])\n",
      "Sep 19 19:05:42 fedora kernel: ACPI: LAPIC_NMI (acpi_id[0x07] high edge lint[0x1])\n",
      "Sep 19 19:05:42 fedora kernel: ACPI: LAPIC_NMI (acpi_id[0x08] high edge lint[0x1])\n"
     ]
    },
    {
     "name": "stdout",
     "output_type": "stream",
     "text": [
      "Sep 19 19:05:42 fedora kernel: ACPI: LAPIC_NMI (acpi_id[0x09] high edge lint[0x1])\n",
      "Sep 19 19:05:42 fedora kernel: ACPI: LAPIC_NMI (acpi_id[0x0a] high edge lint[0x1])\n",
      "Sep 19 19:05:42 fedora kernel: ACPI: LAPIC_NMI (acpi_id[0x0b] high edge lint[0x1])\n",
      "Sep 19 19:05:42 fedora kernel: ACPI: LAPIC_NMI (acpi_id[0x0c] high edge lint[0x1])\n",
      "Sep 19 19:05:42 fedora kernel: ACPI: LAPIC_NMI (acpi_id[0x0d] high edge lint[0x1])\n",
      "Sep 19 19:05:42 fedora kernel: ACPI: LAPIC_NMI (acpi_id[0x0e] high edge lint[0x1])\n",
      "Sep 19 19:05:42 fedora kernel: ACPI: LAPIC_NMI (acpi_id[0x0f] high edge lint[0x1])\n",
      "Sep 19 19:05:42 fedora kernel: ACPI: LAPIC_NMI (acpi_id[0x10] high edge lint[0x1])\n",
      "Sep 19 19:05:42 fedora kernel: IOAPIC[0]: apic_id 2, version 32, address 0xfec00000, GSI 0-119\n",
      "Sep 19 19:05:42 fedora kernel: ACPI: INT_SRC_OVR (bus 0 bus_irq 0 global_irq 2 dfl dfl)\n",
      "Sep 19 19:05:42 fedora kernel: ACPI: INT_SRC_OVR (bus 0 bus_irq 9 global_irq 9 high level)\n",
      "Sep 19 19:05:42 fedora kernel: ACPI: Using ACPI (MADT) for SMP configuration information\n",
      "Sep 19 19:05:42 fedora kernel: ACPI: HPET id: 0x8086a201 base: 0xfed00000\n",
      "Sep 19 19:05:42 fedora kernel: \u001b[0;38;5;245m\u001b[0;1;31m\u001b[0;38;5;245me820: update [mem 0x31339000-0x3134cfff] usable ==> reserved\u001b[0m\n",
      "Sep 19 19:05:42 fedora kernel: TSC deadline timer available\n",
      "Sep 19 19:05:42 fedora kernel: smpboot: Allowing 4 CPUs, 0 hotplug CPUs\n",
      "Sep 19 19:05:42 fedora kernel: PM: hibernation: Registered nosave memory: [mem 0x00000000-0x00000fff]\n",
      "Sep 19 19:05:42 fedora kernel: PM: hibernation: Registered nosave memory: [mem 0x0009f000-0x000fffff]\n",
      "Sep 19 19:05:42 fedora kernel: PM: hibernation: Registered nosave memory: [mem 0x31339000-0x3134cfff]\n",
      "Sep 19 19:05:42 fedora kernel: PM: hibernation: Registered nosave memory: [mem 0x33ed2000-0x33ed2fff]\n",
      "Sep 19 19:05:42 fedora kernel: PM: hibernation: Registered nosave memory: [mem 0x33f29000-0x33f29fff]\n",
      "Sep 19 19:05:42 fedora kernel: PM: hibernation: Registered nosave memory: [mem 0x42a2f000-0x4518efff]\n",
      "Sep 19 19:05:42 fedora kernel: PM: hibernation: Registered nosave memory: [mem 0x4518f000-0x45f7efff]\n",
      "Sep 19 19:05:42 fedora kernel: PM: hibernation: Registered nosave memory: [mem 0x45f7f000-0x45ffefff]\n",
      "Sep 19 19:05:42 fedora kernel: PM: hibernation: Registered nosave memory: [mem 0x46000000-0x49ffffff]\n",
      "Sep 19 19:05:42 fedora kernel: PM: hibernation: Registered nosave memory: [mem 0x4a000000-0x4a1fffff]\n",
      "Sep 19 19:05:42 fedora kernel: PM: hibernation: Registered nosave memory: [mem 0x4a200000-0x4a3fffff]\n",
      "Sep 19 19:05:42 fedora kernel: PM: hibernation: Registered nosave memory: [mem 0x4a400000-0x4affffff]\n",
      "Sep 19 19:05:42 fedora kernel: PM: hibernation: Registered nosave memory: [mem 0x4b000000-0xcfffffff]\n",
      "Sep 19 19:05:42 fedora kernel: PM: hibernation: Registered nosave memory: [mem 0xd0000000-0xfc7fffff]\n",
      "Sep 19 19:05:42 fedora kernel: PM: hibernation: Registered nosave memory: [mem 0xfc800000-0xfe7fffff]\n",
      "Sep 19 19:05:42 fedora kernel: PM: hibernation: Registered nosave memory: [mem 0xfe800000-0xfebfffff]\n",
      "Sep 19 19:05:42 fedora kernel: PM: hibernation: Registered nosave memory: [mem 0xfec00000-0xfec00fff]\n",
      "Sep 19 19:05:42 fedora kernel: PM: hibernation: Registered nosave memory: [mem 0xfec01000-0xfecfffff]\n",
      "Sep 19 19:05:42 fedora kernel: PM: hibernation: Registered nosave memory: [mem 0xfed00000-0xfed00fff]\n",
      "Sep 19 19:05:42 fedora kernel: PM: hibernation: Registered nosave memory: [mem 0xfed01000-0xfed0ffff]\n",
      "Sep 19 19:05:42 fedora kernel: PM: hibernation: Registered nosave memory: [mem 0xfed10000-0xfed17fff]\n",
      "Sep 19 19:05:42 fedora kernel: PM: hibernation: Registered nosave memory: [mem 0xfed18000-0xfed1ffff]\n",
      "Sep 19 19:05:42 fedora kernel: PM: hibernation: Registered nosave memory: [mem 0xfed20000-0xfed7ffff]\n",
      "Sep 19 19:05:42 fedora kernel: PM: hibernation: Registered nosave memory: [mem 0xfed80000-0xfed9ffff]\n",
      "Sep 19 19:05:42 fedora kernel: PM: hibernation: Registered nosave memory: [mem 0xfeda0000-0xfeda1fff]\n",
      "Sep 19 19:05:42 fedora kernel: PM: hibernation: Registered nosave memory: [mem 0xfeda2000-0xfedfffff]\n",
      "Sep 19 19:05:42 fedora kernel: PM: hibernation: Registered nosave memory: [mem 0xfee00000-0xfee00fff]\n",
      "Sep 19 19:05:42 fedora kernel: PM: hibernation: Registered nosave memory: [mem 0xfee01000-0xff3fffff]\n",
      "Sep 19 19:05:42 fedora kernel: PM: hibernation: Registered nosave memory: [mem 0xff400000-0xffffffff]\n",
      "Sep 19 19:05:42 fedora kernel: [mem 0xd0000000-0xfc7fffff] available for PCI devices\n",
      "Sep 19 19:05:42 fedora kernel: Booting paravirtualized kernel on bare hardware\n",
      "Sep 19 19:05:42 fedora kernel: clocksource: refined-jiffies: mask: 0xffffffff max_cycles: 0xffffffff, max_idle_ns: 1910969940391419 ns\n",
      "Sep 19 19:05:42 fedora kernel: setup_percpu: NR_CPUS:8192 nr_cpumask_bits:4 nr_cpu_ids:4 nr_node_ids:1\n",
      "Sep 19 19:05:42 fedora kernel: percpu: Embedded 61 pages/cpu s212992 r8192 d28672 u524288\n",
      "Sep 19 19:05:42 fedora kernel: \u001b[0;38;5;245m\u001b[0;1;31m\u001b[0;38;5;245mpcpu-alloc: s212992 r8192 d28672 u524288 alloc=1*2097152\u001b[0m\n",
      "Sep 19 19:05:42 fedora kernel: \u001b[0;38;5;245m\u001b[0;1;31m\u001b[0;38;5;245mpcpu-alloc: [0] 0 1 2 3 \u001b[0m\n",
      "Sep 19 19:05:42 fedora kernel: Fallback order for Node 0: 0 \n",
      "Sep 19 19:05:42 fedora kernel: Built 1 zonelists, mobility grouping on.  Total pages: 2009237\n",
      "Sep 19 19:05:42 fedora kernel: Policy zone: Normal\n",
      "Sep 19 19:05:42 fedora kernel: \u001b[0;1;39m\u001b[0;1;31m\u001b[0;1;39mKernel command line: BOOT_IMAGE=(hd1,gpt5)/root/boot/vmlinuz-5.19.8-200.fc36.x86_64 root=UUID=762e2e0d-eaba-4521-84b6-15a0356d80de ro rootflags=subvol=root resume=UUID=e359951f-8323-4f33-9ba5-7d6e06a88cf6 rhgb quiet\u001b[0m\n",
      "Sep 19 19:05:42 fedora kernel: \u001b[0;1;39m\u001b[0;1;31m\u001b[0;1;39mUnknown kernel command line parameters \"rhgb BOOT_IMAGE=(hd1,gpt5)/root/boot/vmlinuz-5.19.8-200.fc36.x86_64\", will be passed to user space.\u001b[0m\n",
      "Sep 19 19:05:42 fedora kernel: Dentry cache hash table entries: 1048576 (order: 11, 8388608 bytes, linear)\n",
      "Sep 19 19:05:42 fedora kernel: Inode-cache hash table entries: 524288 (order: 10, 4194304 bytes, linear)\n",
      "Sep 19 19:05:42 fedora kernel: mem auto-init: stack:off, heap alloc:off, heap free:off\n",
      "Sep 19 19:05:42 fedora kernel: Memory: 7795436K/8165168K available (16393K kernel code, 3177K rwdata, 11400K rodata, 3004K init, 4816K bss, 369472K reserved, 0K cma-reserved)\n",
      "Sep 19 19:05:42 fedora kernel: SLUB: HWalign=64, Order=0-3, MinObjects=0, CPUs=4, Nodes=1\n",
      "Sep 19 19:05:42 fedora kernel: ftrace: allocating 50349 entries in 197 pages\n",
      "Sep 19 19:05:42 fedora kernel: ftrace: allocated 197 pages with 4 groups\n",
      "Sep 19 19:05:42 fedora kernel: Dynamic Preempt: voluntary\n",
      "Sep 19 19:05:42 fedora kernel: rcu: Preemptible hierarchical RCU implementation.\n",
      "Sep 19 19:05:42 fedora kernel: rcu:         RCU restricting CPUs from NR_CPUS=8192 to nr_cpu_ids=4.\n",
      "Sep 19 19:05:42 fedora kernel:         Trampoline variant of Tasks RCU enabled.\n",
      "Sep 19 19:05:42 fedora kernel:         Rude variant of Tasks RCU enabled.\n",
      "Sep 19 19:05:42 fedora kernel:         Tracing variant of Tasks RCU enabled.\n",
      "Sep 19 19:05:42 fedora kernel: rcu: RCU calculated value of scheduler-enlistment delay is 100 jiffies.\n",
      "Sep 19 19:05:42 fedora kernel: rcu: Adjusting geometry for rcu_fanout_leaf=16, nr_cpu_ids=4\n",
      "Sep 19 19:05:42 fedora kernel: NR_IRQS: 524544, nr_irqs: 1024, preallocated irqs: 16\n",
      "Sep 19 19:05:42 fedora kernel: rcu: srcu_init: Setting srcu_struct sizes based on contention.\n",
      "Sep 19 19:05:42 fedora kernel: kfence: initialized - using 2097152 bytes for 255 objects at 0x00000000db372d5d-0x00000000dece06b2\n",
      "Sep 19 19:05:42 fedora kernel: Console: colour dummy device 80x25\n",
      "Sep 19 19:05:42 fedora kernel: printk: console [tty0] enabled\n",
      "Sep 19 19:05:42 fedora kernel: ACPI: Core revision 20220331\n",
      "Sep 19 19:05:42 fedora kernel: hpet: HPET dysfunctional in PC10. Force disabled.\n",
      "Sep 19 19:05:42 fedora kernel: APIC: Switch to symmetric I/O mode setup\n",
      "Sep 19 19:05:42 fedora kernel: DMAR: Host address width 39\n",
      "Sep 19 19:05:42 fedora kernel: DMAR: DRHD base: 0x000000fed90000 flags: 0x0\n",
      "Sep 19 19:05:42 fedora kernel: DMAR: dmar0: reg_base_addr fed90000 ver 4:0 cap 1c0000c40660462 ecap 49e2ff0505e\n",
      "Sep 19 19:05:42 fedora kernel: DMAR: DRHD base: 0x000000fed91000 flags: 0x1\n",
      "Sep 19 19:05:42 fedora kernel: DMAR: dmar1: reg_base_addr fed91000 ver 1:0 cap d2008c40660462 ecap f050da\n",
      "Sep 19 19:05:42 fedora kernel: DMAR: RMRR base: 0x00000044fc1000 end: 0x00000044fe0fff\n"
     ]
    },
    {
     "name": "stdout",
     "output_type": "stream",
     "text": [
      "Sep 19 19:05:42 fedora kernel: DMAR: RMRR base: 0x0000004c000000 end: 0x000000503fffff\n",
      "Sep 19 19:05:42 fedora kernel: DMAR-IR: IOAPIC id 2 under DRHD base  0xfed91000 IOMMU 1\n",
      "Sep 19 19:05:42 fedora kernel: DMAR-IR: HPET id 0 under DRHD base 0xfed91000\n",
      "Sep 19 19:05:42 fedora kernel: DMAR-IR: x2apic is disabled because BIOS sets x2apic opt out bit.\n",
      "Sep 19 19:05:42 fedora kernel: DMAR-IR: Use 'intremap=no_x2apic_optout' to override the BIOS setting.\n",
      "Sep 19 19:05:42 fedora kernel: DMAR-IR: Enabled IRQ remapping in xapic mode\n",
      "Sep 19 19:05:42 fedora kernel: x2apic: IRQ remapping doesn't support X2APIC mode\n",
      "Sep 19 19:05:42 fedora kernel: clocksource: tsc-early: mask: 0xffffffffffffffff max_cycles: 0x1128af0325d, max_idle_ns: 440795261011 ns\n",
      "Sep 19 19:05:42 fedora kernel: Calibrating delay loop (skipped), value calculated using timer frequency.. 2380.80 BogoMIPS (lpj=1190400)\n",
      "Sep 19 19:05:42 fedora kernel: pid_max: default: 32768 minimum: 301\n",
      "Sep 19 19:05:42 fedora kernel: LSM: Security Framework initializing\n",
      "Sep 19 19:05:42 fedora kernel: Yama: becoming mindful.\n",
      "Sep 19 19:05:42 fedora kernel: SELinux:  Initializing.\n",
      "Sep 19 19:05:42 fedora kernel: LSM support for eBPF active\n",
      "Sep 19 19:05:42 fedora kernel: landlock: Up and running.\n",
      "Sep 19 19:05:42 fedora kernel: Mount-cache hash table entries: 16384 (order: 5, 131072 bytes, linear)\n",
      "Sep 19 19:05:42 fedora kernel: Mountpoint-cache hash table entries: 16384 (order: 5, 131072 bytes, linear)\n",
      "Sep 19 19:05:42 fedora kernel: \u001b[0;1;31m\u001b[0;1;39m\u001b[0;1;31mx86/cpu: SGX disabled by BIOS.\u001b[0m\n",
      "Sep 19 19:05:42 fedora kernel: CPU0: Thermal monitoring enabled (TM1)\n",
      "Sep 19 19:05:42 fedora kernel: x86/cpu: User Mode Instruction Prevention (UMIP) activated\n",
      "Sep 19 19:05:42 fedora kernel: process: using mwait in idle threads\n",
      "Sep 19 19:05:42 fedora kernel: Last level iTLB entries: 4KB 0, 2MB 0, 4MB 0\n",
      "Sep 19 19:05:42 fedora kernel: Last level dTLB entries: 4KB 0, 2MB 0, 4MB 0, 1GB 0\n",
      "Sep 19 19:05:42 fedora kernel: Spectre V1 : Mitigation: usercopy/swapgs barriers and __user pointer sanitization\n",
      "Sep 19 19:05:42 fedora kernel: Spectre V2 : Mitigation: Enhanced IBRS\n",
      "Sep 19 19:05:42 fedora kernel: Spectre V2 : Spectre v2 / SpectreRSB mitigation: Filling RSB on context switch\n",
      "Sep 19 19:05:42 fedora kernel: Spectre V2 : Spectre v2 / PBRSB-eIBRS: Retire a single CALL on VMEXIT\n",
      "Sep 19 19:05:42 fedora kernel: RETBleed: Mitigation: Enhanced IBRS\n",
      "Sep 19 19:05:42 fedora kernel: Spectre V2 : mitigation: Enabling conditional Indirect Branch Prediction Barrier\n",
      "Sep 19 19:05:42 fedora kernel: Speculative Store Bypass: Mitigation: Speculative Store Bypass disabled via prctl\n",
      "Sep 19 19:05:42 fedora kernel: MMIO Stale Data: Mitigation: Clear CPU buffers\n",
      "Sep 19 19:05:42 fedora kernel: SRBDS: Mitigation: Microcode\n",
      "Sep 19 19:05:42 fedora kernel: Freeing SMP alternatives memory: 44K\n",
      "Sep 19 19:05:42 fedora kernel: smpboot: CPU0: Intel(R) Core(TM) i3-1005G1 CPU @ 1.20GHz (family: 0x6, model: 0x7e, stepping: 0x5)\n",
      "Sep 19 19:05:42 fedora kernel: cblist_init_generic: Setting adjustable number of callback queues.\n",
      "Sep 19 19:05:42 fedora kernel: cblist_init_generic: Setting shift to 2 and lim to 1.\n",
      "Sep 19 19:05:42 fedora kernel: cblist_init_generic: Setting shift to 2 and lim to 1.\n",
      "Sep 19 19:05:42 fedora kernel: cblist_init_generic: Setting shift to 2 and lim to 1.\n",
      "Sep 19 19:05:42 fedora kernel: Performance Events: PEBS fmt4+-baseline,  AnyThread deprecated, Icelake events, 32-deep LBR, full-width counters, Intel PMU driver.\n",
      "Sep 19 19:05:42 fedora kernel: ... version:                5\n",
      "Sep 19 19:05:42 fedora kernel: ... bit width:              48\n",
      "Sep 19 19:05:42 fedora kernel: ... generic registers:      8\n",
      "Sep 19 19:05:42 fedora kernel: ... value mask:             0000ffffffffffff\n",
      "Sep 19 19:05:42 fedora kernel: ... max period:             00007fffffffffff\n",
      "Sep 19 19:05:42 fedora kernel: ... fixed-purpose events:   4\n",
      "Sep 19 19:05:42 fedora kernel: ... event mask:             0001000f000000ff\n",
      "Sep 19 19:05:42 fedora kernel: Estimated ratio of average max frequency by base frequency (times 1024): 2901\n",
      "Sep 19 19:05:42 fedora kernel: rcu: Hierarchical SRCU implementation.\n",
      "Sep 19 19:05:42 fedora kernel: rcu:         Max phase no-delay instances is 400.\n",
      "Sep 19 19:05:42 fedora kernel: NMI watchdog: Enabled. Permanently consumes one hw-PMU counter.\n",
      "Sep 19 19:05:42 fedora kernel: smp: Bringing up secondary CPUs ...\n",
      "Sep 19 19:05:42 fedora kernel: x86: Booting SMP configuration:\n",
      "Sep 19 19:05:42 fedora kernel: .... node  #0, CPUs:      #1 #2\n",
      "Sep 19 19:05:42 fedora kernel: \u001b[0;1;38;5;185m\u001b[0;1;39m\u001b[0;1;38;5;185mMMIO Stale Data CPU bug present and SMT on, data leak possible. See https://www.kernel.org/doc/html/latest/admin-guide/hw-vuln/processor_mmio_stale_data.html for more details.\u001b[0m\n",
      "Sep 19 19:05:42 fedora kernel: \u001b[0;1;38;5;185m\u001b[0;1;39m\u001b[0;1;38;5;185m #3\u001b[0m\n",
      "Sep 19 19:05:42 fedora kernel: smp: Brought up 1 node, 4 CPUs\n",
      "Sep 19 19:05:42 fedora kernel: smpboot: Max logical packages: 1\n",
      "Sep 19 19:05:42 fedora kernel: smpboot: Total of 4 processors activated (9523.20 BogoMIPS)\n",
      "Sep 19 19:05:42 fedora kernel: devtmpfs: initialized\n",
      "Sep 19 19:05:42 fedora kernel: x86/mm: Memory block size: 128MB\n",
      "Sep 19 19:05:42 fedora kernel: ACPI: PM: Registering ACPI NVS region [mem 0x33ed2000-0x33ed2fff] (4096 bytes)\n",
      "Sep 19 19:05:42 fedora kernel: ACPI: PM: Registering ACPI NVS region [mem 0x4518f000-0x45f7efff] (14614528 bytes)\n",
      "Sep 19 19:05:42 fedora kernel: clocksource: jiffies: mask: 0xffffffff max_cycles: 0xffffffff, max_idle_ns: 1911260446275000 ns\n",
      "Sep 19 19:05:42 fedora kernel: futex hash table entries: 1024 (order: 4, 65536 bytes, linear)\n",
      "Sep 19 19:05:42 fedora kernel: pinctrl core: initialized pinctrl subsystem\n",
      "Sep 19 19:05:42 fedora kernel: PM: RTC time: 13:05:40, date: 2022-09-19\n",
      "Sep 19 19:05:42 fedora kernel: NET: Registered PF_NETLINK/PF_ROUTE protocol family\n",
      "Sep 19 19:05:42 fedora kernel: DMA: preallocated 1024 KiB GFP_KERNEL pool for atomic allocations\n",
      "Sep 19 19:05:42 fedora kernel: DMA: preallocated 1024 KiB GFP_KERNEL|GFP_DMA pool for atomic allocations\n",
      "Sep 19 19:05:42 fedora kernel: DMA: preallocated 1024 KiB GFP_KERNEL|GFP_DMA32 pool for atomic allocations\n",
      "Sep 19 19:05:42 fedora kernel: audit: initializing netlink subsys (disabled)\n",
      "Sep 19 19:05:42 fedora kernel: \u001b[0;1;39m\u001b[0;1;31m\u001b[0;1;39maudit: type=2000 audit(1663592740.010:1): state=initialized audit_enabled=0 res=1\u001b[0m\n",
      "Sep 19 19:05:42 fedora kernel: thermal_sys: Registered thermal governor 'fair_share'\n",
      "Sep 19 19:05:42 fedora kernel: thermal_sys: Registered thermal governor 'bang_bang'\n",
      "Sep 19 19:05:42 fedora kernel: thermal_sys: Registered thermal governor 'step_wise'\n",
      "Sep 19 19:05:42 fedora kernel: thermal_sys: Registered thermal governor 'user_space'\n",
      "Sep 19 19:05:42 fedora kernel: cpuidle: using governor menu\n",
      "Sep 19 19:05:42 fedora kernel: HugeTLB: can optimize 4095 vmemmap pages for hugepages-1048576kB\n",
      "Sep 19 19:05:42 fedora kernel: ACPI FADT declares the system doesn't support PCIe ASPM, so disable it\n",
      "Sep 19 19:05:42 fedora kernel: acpiphp: ACPI Hot Plug PCI Controller Driver version: 0.5\n",
      "Sep 19 19:05:42 fedora kernel: PCI: MMCONFIG for domain 0000 [bus 00-ff] at [mem 0xc0000000-0xcfffffff] (base 0xc0000000)\n",
      "Sep 19 19:05:42 fedora kernel: PCI: MMCONFIG at [mem 0xc0000000-0xcfffffff] reserved in E820\n",
      "Sep 19 19:05:42 fedora kernel: PCI: Using configuration type 1 for base access\n",
      "Sep 19 19:05:42 fedora kernel: \u001b[0;1;38;5;185m\u001b[0;1;39m\u001b[0;1;38;5;185mENERGY_PERF_BIAS: Set to 'normal', was 'performance'\u001b[0m\n",
      "Sep 19 19:05:42 fedora kernel: kprobes: kprobe jump-optimization is enabled. All kprobes are optimized if possible.\n",
      "Sep 19 19:05:42 fedora kernel: HugeTLB: can optimize 7 vmemmap pages for hugepages-2048kB\n",
      "Sep 19 19:05:42 fedora kernel: HugeTLB registered 1.00 GiB page size, pre-allocated 0 pages\n",
      "Sep 19 19:05:42 fedora kernel: HugeTLB registered 2.00 MiB page size, pre-allocated 0 pages\n",
      "Sep 19 19:05:42 fedora kernel: cryptd: max_cpu_qlen set to 1000\n",
      "Sep 19 19:05:42 fedora kernel: raid6: skipped pq benchmark and selected avx512x4\n",
      "Sep 19 19:05:42 fedora kernel: raid6: using avx512x2 recovery algorithm\n",
      "Sep 19 19:05:42 fedora kernel: ACPI: Added _OSI(Module Device)\n",
      "Sep 19 19:05:42 fedora kernel: ACPI: Added _OSI(Processor Device)\n"
     ]
    },
    {
     "name": "stdout",
     "output_type": "stream",
     "text": [
      "Sep 19 19:05:42 fedora kernel: ACPI: Added _OSI(3.0 _SCP Extensions)\n",
      "Sep 19 19:05:42 fedora kernel: ACPI: Added _OSI(Processor Aggregator Device)\n",
      "Sep 19 19:05:42 fedora kernel: ACPI: Added _OSI(Linux-Dell-Video)\n",
      "Sep 19 19:05:42 fedora kernel: ACPI: Added _OSI(Linux-Lenovo-NV-HDMI-Audio)\n",
      "Sep 19 19:05:42 fedora kernel: ACPI: Added _OSI(Linux-HPI-Hybrid-Graphics)\n",
      "Sep 19 19:05:42 fedora kernel: ACPI: 17 ACPI AML tables successfully acquired and loaded\n",
      "Sep 19 19:05:42 fedora kernel: ACPI: EC: EC started\n",
      "Sep 19 19:05:42 fedora kernel: ACPI: EC: interrupt blocked\n",
      "Sep 19 19:05:42 fedora kernel: ACPI: EC: EC_CMD/EC_SC=0x66, EC_DATA=0x62\n",
      "Sep 19 19:05:42 fedora kernel: ACPI: EC: Boot ECDT EC used to handle transactions\n",
      "Sep 19 19:05:42 fedora kernel: ACPI: Dynamic OEM Table Load:\n",
      "Sep 19 19:05:42 fedora kernel: ACPI: SSDT 0xFFFF8A9081137F00 0000F4 (v02 PmRef  Cpu0Psd  00003000 INTL 20160422)\n",
      "Sep 19 19:05:42 fedora kernel: ACPI: \\_SB_.PR00: _OSC native thermal LVT Acked\n",
      "Sep 19 19:05:42 fedora kernel: ACPI: Dynamic OEM Table Load:\n",
      "Sep 19 19:05:42 fedora kernel: ACPI: SSDT 0xFFFF8A9080D77C00 000386 (v02 PmRef  Cpu0Cst  00003001 INTL 20160422)\n",
      "Sep 19 19:05:42 fedora kernel: ACPI: Dynamic OEM Table Load:\n",
      "Sep 19 19:05:42 fedora kernel: ACPI: SSDT 0xFFFF8A9080D75C00 000371 (v02 PmRef  Cpu0Ist  00003000 INTL 20160422)\n",
      "Sep 19 19:05:42 fedora kernel: ACPI: Dynamic OEM Table Load:\n",
      "Sep 19 19:05:42 fedora kernel: ACPI: SSDT 0xFFFF8A9081177200 00012C (v02 PmRef  Cpu0Hwp  00003000 INTL 20160422)\n",
      "Sep 19 19:05:42 fedora kernel: ACPI: Dynamic OEM Table Load:\n",
      "Sep 19 19:05:42 fedora kernel: ACPI: SSDT 0xFFFF8A9080215000 000724 (v02 PmRef  HwpLvt   00003000 INTL 20160422)\n",
      "Sep 19 19:05:42 fedora kernel: ACPI: Dynamic OEM Table Load:\n",
      "Sep 19 19:05:42 fedora kernel: ACPI: SSDT 0xFFFF8A9080212800 0005FC (v02 PmRef  ApIst    00003000 INTL 20160422)\n",
      "Sep 19 19:05:42 fedora kernel: ACPI: Dynamic OEM Table Load:\n",
      "Sep 19 19:05:42 fedora kernel: ACPI: SSDT 0xFFFF8A9080D74800 000317 (v02 PmRef  ApHwp    00003000 INTL 20160422)\n",
      "Sep 19 19:05:42 fedora kernel: ACPI: Dynamic OEM Table Load:\n",
      "Sep 19 19:05:42 fedora kernel: ACPI: SSDT 0xFFFF8A908007D000 000AB0 (v02 PmRef  ApPsd    00003000 INTL 20160422)\n",
      "Sep 19 19:05:42 fedora kernel: ACPI: Dynamic OEM Table Load:\n",
      "Sep 19 19:05:42 fedora kernel: ACPI: SSDT 0xFFFF8A9080D74000 00030A (v02 PmRef  ApCst    00003000 INTL 20160422)\n",
      "Sep 19 19:05:42 fedora kernel: ACPI: Interpreter enabled\n",
      "Sep 19 19:05:42 fedora kernel: ACPI: PM: (supports S0 S3 S4 S5)\n",
      "Sep 19 19:05:42 fedora kernel: ACPI: Using IOAPIC for interrupt routing\n",
      "Sep 19 19:05:42 fedora kernel: PCI: Using host bridge windows from ACPI; if necessary, use \"pci=nocrs\" and report a bug\n",
      "Sep 19 19:05:42 fedora kernel: PCI: Using E820 reservations for host bridge windows\n",
      "Sep 19 19:05:42 fedora kernel: ACPI: Enabled 7 GPEs in block 00 to 7F\n",
      "Sep 19 19:05:42 fedora kernel: ACPI: PM: Power Resource [PCRP]\n",
      "Sep 19 19:05:42 fedora kernel: \u001b[0;1;31m\u001b[0;1;39m\u001b[0;1;31mACPI BIOS Error (bug): Could not resolve symbol [\\_SB.PCI0.DGPV], AE_NOT_FOUND (20220331/psargs-330)\u001b[0m\n",
      "Sep 19 19:05:42 fedora kernel: \u001b[0;1;31m\u001b[0;1;39m\u001b[0;1;31mACPI Error: Aborting method \\_SB.PCI0.RP05.PCRP._ON due to previous error (AE_NOT_FOUND) (20220331/psparse-529)\u001b[0m\n",
      "Sep 19 19:05:42 fedora kernel: ACPI: PM: Power Resource [V0PR]\n",
      "Sep 19 19:05:42 fedora kernel: ACPI: PM: Power Resource [V1PR]\n",
      "Sep 19 19:05:42 fedora kernel: ACPI: PM: Power Resource [V2PR]\n",
      "Sep 19 19:05:42 fedora kernel: ACPI: PM: Power Resource [WRST]\n",
      "Sep 19 19:05:42 fedora kernel: acpi ABCD0000:00: ACPI dock station (docks/bays count: 1)\n",
      "Sep 19 19:05:42 fedora kernel: ACPI: PM: Power Resource [TBT0]\n",
      "Sep 19 19:05:42 fedora kernel: ACPI: PM: Power Resource [TBT1]\n",
      "Sep 19 19:05:42 fedora kernel: ACPI: PM: Power Resource [FN00]\n",
      "Sep 19 19:05:42 fedora kernel: ACPI: PM: Power Resource [FN01]\n",
      "Sep 19 19:05:42 fedora kernel: ACPI: PM: Power Resource [FN02]\n",
      "Sep 19 19:05:42 fedora kernel: ACPI: PM: Power Resource [FN03]\n",
      "Sep 19 19:05:42 fedora kernel: ACPI: PM: Power Resource [FN04]\n",
      "Sep 19 19:05:42 fedora kernel: ACPI: PM: Power Resource [PIN]\n",
      "Sep 19 19:05:42 fedora kernel: ACPI: PCI Root Bridge [PCI0] (domain 0000 [bus 00-fe])\n",
      "Sep 19 19:05:42 fedora kernel: acpi PNP0A08:00: _OSC: OS supports [ExtendedConfig ASPM ClockPM Segments MSI EDR HPX-Type3]\n",
      "Sep 19 19:05:42 fedora kernel: acpi PNP0A08:00: _OSC: platform does not support [PCIeHotplug SHPCHotplug PME]\n",
      "Sep 19 19:05:42 fedora kernel: acpi PNP0A08:00: _OSC: OS now controls [AER PCIeCapability LTR DPC]\n",
      "Sep 19 19:05:42 fedora kernel: acpi PNP0A08:00: FADT indicates ASPM is unsupported, using BIOS configuration\n",
      "Sep 19 19:05:42 fedora kernel: PCI host bridge to bus 0000:00\n",
      "Sep 19 19:05:42 fedora kernel: pci_bus 0000:00: root bus resource [io  0x0000-0x0cf7 window]\n",
      "Sep 19 19:05:42 fedora kernel: pci_bus 0000:00: root bus resource [io  0x0d00-0xffff window]\n",
      "Sep 19 19:05:42 fedora kernel: pci_bus 0000:00: root bus resource [mem 0x000a0000-0x000bffff window]\n",
      "Sep 19 19:05:42 fedora kernel: pci_bus 0000:00: root bus resource [mem 0x50400000-0xbfffffff window]\n",
      "Sep 19 19:05:42 fedora kernel: pci_bus 0000:00: root bus resource [mem 0x4000000000-0x7fffffffff window]\n",
      "Sep 19 19:05:42 fedora kernel: pci_bus 0000:00: root bus resource [bus 00-fe]\n",
      "Sep 19 19:05:42 fedora kernel: pci 0000:00:00.0: [8086:8a02] type 00 class 0x060000\n",
      "Sep 19 19:05:42 fedora kernel: pci 0000:00:02.0: [8086:8a56] type 00 class 0x030000\n",
      "Sep 19 19:05:42 fedora kernel: pci 0000:00:02.0: reg 0x10: [mem 0x6000000000-0x6000ffffff 64bit]\n",
      "Sep 19 19:05:42 fedora kernel: pci 0000:00:02.0: reg 0x18: [mem 0x4000000000-0x400fffffff 64bit pref]\n",
      "Sep 19 19:05:42 fedora kernel: pci 0000:00:02.0: reg 0x20: [io  0x5000-0x503f]\n",
      "Sep 19 19:05:42 fedora kernel: pci 0000:00:02.0: BAR 2: assigned to efifb\n",
      "Sep 19 19:05:42 fedora kernel: pci 0000:00:02.0: DMAR: Skip IOMMU disabling for graphics\n",
      "Sep 19 19:05:42 fedora kernel: pci 0000:00:02.0: Video device with shadowed ROM at [mem 0x000c0000-0x000dffff]\n",
      "Sep 19 19:05:42 fedora kernel: pci 0000:00:04.0: [8086:8a03] type 00 class 0x118000\n",
      "Sep 19 19:05:42 fedora kernel: pci 0000:00:04.0: reg 0x10: [mem 0x6001100000-0x600110ffff 64bit]\n",
